<?xml version="1.0"?>
<link_info>
   <banner>MSP430 Linker PC v16.9.4.LTS</banner>
   <copyright>Copyright (c) 2003-2017 Texas Instruments Incorporated</copyright>
   <link_time>0x673dd17d</link_time>
   <link_errors>0x1</link_errors>
   <output_file>laba6.out</output_file>
   <entry_point>
      <name>_c_int00_noargs_noexit</name>
      <address>0x29de</address>
   </entry_point>
   <input_file_list>
      <input_file id="fl-2">
         <path>.\</path>
         <kind>object</kind>
         <file>CTS_HAL.obj</file>
         <name>CTS_HAL.obj</name>
      </input_file>
      <input_file id="fl-3">
         <path>.\</path>
         <kind>object</kind>
         <file>CTS_Layer.obj</file>
         <name>CTS_Layer.obj</name>
      </input_file>
      <input_file id="fl-4">
         <path>.\</path>
         <kind>object</kind>
         <file>HAL_AppUart.obj</file>
         <name>HAL_AppUart.obj</name>
      </input_file>
      <input_file id="fl-5">
         <path>.\</path>
         <kind>object</kind>
         <file>HAL_Board.obj</file>
         <name>HAL_Board.obj</name>
      </input_file>
      <input_file id="fl-6">
         <path>.\</path>
         <kind>object</kind>
         <file>HAL_Buttons.obj</file>
         <name>HAL_Buttons.obj</name>
      </input_file>
      <input_file id="fl-7">
         <path>.\</path>
         <kind>object</kind>
         <file>HAL_Cma3000.obj</file>
         <name>HAL_Cma3000.obj</name>
      </input_file>
      <input_file id="fl-8">
         <path>.\</path>
         <kind>object</kind>
         <file>HAL_Dogs102x6.obj</file>
         <name>HAL_Dogs102x6.obj</name>
      </input_file>
      <input_file id="fl-9">
         <path>.\</path>
         <kind>object</kind>
         <file>HAL_FLASH.obj</file>
         <name>HAL_FLASH.obj</name>
      </input_file>
      <input_file id="fl-a">
         <path>.\</path>
         <kind>object</kind>
         <file>HAL_Menu.obj</file>
         <name>HAL_Menu.obj</name>
      </input_file>
      <input_file id="fl-b">
         <path>.\</path>
         <kind>object</kind>
         <file>HAL_SDCard.obj</file>
         <name>HAL_SDCard.obj</name>
      </input_file>
      <input_file id="fl-c">
         <path>.\</path>
         <kind>object</kind>
         <file>HAL_UCS.obj</file>
         <name>HAL_UCS.obj</name>
      </input_file>
      <input_file id="fl-d">
         <path>.\</path>
         <kind>object</kind>
         <file>HAL_Wheel.obj</file>
         <name>HAL_Wheel.obj</name>
      </input_file>
      <input_file id="fl-e">
         <path>.\</path>
         <kind>object</kind>
         <file>ff.obj</file>
         <name>ff.obj</name>
      </input_file>
      <input_file id="fl-f">
         <path>.\</path>
         <kind>object</kind>
         <file>main.obj</file>
         <name>main.obj</name>
      </input_file>
      <input_file id="fl-10">
         <path>.\</path>
         <kind>object</kind>
         <file>mmc.obj</file>
         <name>mmc.obj</name>
      </input_file>
      <input_file id="fl-11">
         <path>.\</path>
         <kind>object</kind>
         <file>structure.obj</file>
         <name>structure.obj</name>
      </input_file>
      <input_file id="fl-12">
         <path>.\</path>
         <kind>object</kind>
         <file>syscall.obj</file>
         <name>syscall.obj</name>
      </input_file>
      <input_file id="fl-16">
         <kind>object</kind>
         <file>&lt;internal&gt;</file>
         <name>&lt;internal&gt;</name>
      </input_file>
      <input_file id="fl-31">
         <path>C:\ti\ccsv7\tools\compiler\ti-cgt-msp430_16.9.4.LTS\lib\</path>
         <kind>archive</kind>
         <file>rts430x_lc_rd_eabi.lib</file>
         <name>asr16.obj</name>
      </input_file>
      <input_file id="fl-32">
         <path>C:\ti\ccsv7\tools\compiler\ti-cgt-msp430_16.9.4.LTS\lib\</path>
         <kind>archive</kind>
         <file>rts430x_lc_rd_eabi.lib</file>
         <name>boot.obj</name>
      </input_file>
      <input_file id="fl-33">
         <path>C:\ti\ccsv7\tools\compiler\ti-cgt-msp430_16.9.4.LTS\lib\</path>
         <kind>archive</kind>
         <file>rts430x_lc_rd_eabi.lib</file>
         <name>boot_special.obj</name>
      </input_file>
      <input_file id="fl-34">
         <path>C:\ti\ccsv7\tools\compiler\ti-cgt-msp430_16.9.4.LTS\lib\</path>
         <kind>archive</kind>
         <file>rts430x_lc_rd_eabi.lib</file>
         <name>copy_decompress_lzss.obj</name>
      </input_file>
      <input_file id="fl-35">
         <path>C:\ti\ccsv7\tools\compiler\ti-cgt-msp430_16.9.4.LTS\lib\</path>
         <kind>archive</kind>
         <file>rts430x_lc_rd_eabi.lib</file>
         <name>copy_decompress_none.obj</name>
      </input_file>
      <input_file id="fl-36">
         <path>C:\ti\ccsv7\tools\compiler\ti-cgt-msp430_16.9.4.LTS\lib\</path>
         <kind>archive</kind>
         <file>rts430x_lc_rd_eabi.lib</file>
         <name>copy_zero_init.obj</name>
      </input_file>
      <input_file id="fl-37">
         <path>C:\ti\ccsv7\tools\compiler\ti-cgt-msp430_16.9.4.LTS\lib\</path>
         <kind>archive</kind>
         <file>rts430x_lc_rd_eabi.lib</file>
         <name>div16u.obj</name>
      </input_file>
      <input_file id="fl-38">
         <path>C:\ti\ccsv7\tools\compiler\ti-cgt-msp430_16.9.4.LTS\lib\</path>
         <kind>archive</kind>
         <file>rts430x_lc_rd_eabi.lib</file>
         <name>div32u.obj</name>
      </input_file>
      <input_file id="fl-39">
         <path>C:\ti\ccsv7\tools\compiler\ti-cgt-msp430_16.9.4.LTS\lib\</path>
         <kind>archive</kind>
         <file>rts430x_lc_rd_eabi.lib</file>
         <name>exit.obj</name>
      </input_file>
      <input_file id="fl-3a">
         <path>C:\ti\ccsv7\tools\compiler\ti-cgt-msp430_16.9.4.LTS\lib\</path>
         <kind>archive</kind>
         <file>rts430x_lc_rd_eabi.lib</file>
         <name>exit_gvars.obj</name>
      </input_file>
      <input_file id="fl-3b">
         <path>C:\ti\ccsv7\tools\compiler\ti-cgt-msp430_16.9.4.LTS\lib\</path>
         <kind>archive</kind>
         <file>rts430x_lc_rd_eabi.lib</file>
         <name>lsl16.obj</name>
      </input_file>
      <input_file id="fl-3c">
         <path>C:\ti\ccsv7\tools\compiler\ti-cgt-msp430_16.9.4.LTS\lib\</path>
         <kind>archive</kind>
         <file>rts430x_lc_rd_eabi.lib</file>
         <name>lsl32.obj</name>
      </input_file>
      <input_file id="fl-3d">
         <path>C:\ti\ccsv7\tools\compiler\ti-cgt-msp430_16.9.4.LTS\lib\</path>
         <kind>archive</kind>
         <file>rts430x_lc_rd_eabi.lib</file>
         <name>lsr16.obj</name>
      </input_file>
      <input_file id="fl-3e">
         <path>C:\ti\ccsv7\tools\compiler\ti-cgt-msp430_16.9.4.LTS\lib\</path>
         <kind>archive</kind>
         <file>rts430x_lc_rd_eabi.lib</file>
         <name>lsr32.obj</name>
      </input_file>
      <input_file id="fl-3f">
         <path>C:\ti\ccsv7\tools\compiler\ti-cgt-msp430_16.9.4.LTS\lib\</path>
         <kind>archive</kind>
         <file>rts430x_lc_rd_eabi.lib</file>
         <name>memcpy.obj</name>
      </input_file>
      <input_file id="fl-40">
         <path>C:\ti\ccsv7\tools\compiler\ti-cgt-msp430_16.9.4.LTS\lib\</path>
         <kind>archive</kind>
         <file>rts430x_lc_rd_eabi.lib</file>
         <name>memset.obj</name>
      </input_file>
      <input_file id="fl-41">
         <path>C:\ti\ccsv7\tools\compiler\ti-cgt-msp430_16.9.4.LTS\lib\</path>
         <kind>archive</kind>
         <file>rts430x_lc_rd_eabi.lib</file>
         <name>mpu_init.obj</name>
      </input_file>
      <input_file id="fl-42">
         <path>C:\ti\ccsv7\tools\compiler\ti-cgt-msp430_16.9.4.LTS\lib\</path>
         <kind>archive</kind>
         <file>rts430x_lc_rd_eabi.lib</file>
         <name>mult16.obj</name>
      </input_file>
      <input_file id="fl-43">
         <path>C:\ti\ccsv7\tools\compiler\ti-cgt-msp430_16.9.4.LTS\lib\</path>
         <kind>archive</kind>
         <file>rts430x_lc_rd_eabi.lib</file>
         <name>mult1632_f5hw.obj</name>
      </input_file>
      <input_file id="fl-44">
         <path>C:\ti\ccsv7\tools\compiler\ti-cgt-msp430_16.9.4.LTS\lib\</path>
         <kind>archive</kind>
         <file>rts430x_lc_rd_eabi.lib</file>
         <name>mult16_f5hw.obj</name>
      </input_file>
      <input_file id="fl-45">
         <path>C:\ti\ccsv7\tools\compiler\ti-cgt-msp430_16.9.4.LTS\lib\</path>
         <kind>archive</kind>
         <file>rts430x_lc_rd_eabi.lib</file>
         <name>mult32.obj</name>
      </input_file>
      <input_file id="fl-46">
         <path>C:\ti\ccsv7\tools\compiler\ti-cgt-msp430_16.9.4.LTS\lib\</path>
         <kind>archive</kind>
         <file>rts430x_lc_rd_eabi.lib</file>
         <name>mult3264_f5hw.obj</name>
      </input_file>
      <input_file id="fl-47">
         <path>C:\ti\ccsv7\tools\compiler\ti-cgt-msp430_16.9.4.LTS\lib\</path>
         <kind>archive</kind>
         <file>rts430x_lc_rd_eabi.lib</file>
         <name>mult32_f5hw.obj</name>
      </input_file>
      <input_file id="fl-48">
         <path>C:\ti\ccsv7\tools\compiler\ti-cgt-msp430_16.9.4.LTS\lib\</path>
         <kind>archive</kind>
         <file>rts430x_lc_rd_eabi.lib</file>
         <name>mult64_f5hw.obj</name>
      </input_file>
      <input_file id="fl-49">
         <path>C:\ti\ccsv7\tools\compiler\ti-cgt-msp430_16.9.4.LTS\lib\</path>
         <kind>archive</kind>
         <file>rts430x_lc_rd_eabi.lib</file>
         <name>pre_init.obj</name>
      </input_file>
      <input_file id="fl-4a">
         <path>C:\ti\ccsv7\tools\compiler\ti-cgt-msp430_16.9.4.LTS\lib\</path>
         <kind>archive</kind>
         <file>rts430x_lc_rd_eabi.lib</file>
         <name>_lock.obj</name>
      </input_file>
      <input_file id="fl-4b">
         <path>C:\ti\ccsv7\tools\compiler\ti-cgt-msp430_16.9.4.LTS\lib\</path>
         <kind>archive</kind>
         <file>rts430x_lc_rd_eabi.lib</file>
         <name>args_main.obj</name>
      </input_file>
      <input_file id="fl-4c">
         <path>C:\ti\ccsv7\tools\compiler\ti-cgt-msp430_16.9.4.LTS\lib\</path>
         <kind>archive</kind>
         <file>rts430x_lc_rd_eabi.lib</file>
         <name>autoinit_wdt.obj</name>
      </input_file>
      <input_file id="fl-4d">
         <path>C:\ti\ccsv7\tools\compiler\ti-cgt-msp430_16.9.4.LTS\lib\</path>
         <kind>archive</kind>
         <file>rts430x_lc_rd_eabi.lib</file>
         <name>cpy_tbl.obj</name>
      </input_file>
      <input_file id="fl-4e">
         <path>C:\ti\ccsv7\tools\compiler\ti-cgt-msp430_16.9.4.LTS\lib\</path>
         <kind>archive</kind>
         <file>rts430x_lc_rd_eabi.lib</file>
         <name>startup.obj</name>
      </input_file>
   </input_file_list>
   <object_component_list>
      <object_component id="oc-1e2">
         <name>.text:chk_mounted</name>
         <load_address>0x200</load_address>
         <run_address>0x200</run_address>
         <size>0x4ae</size>
         <input_file_ref idref="fl-e"/>
      </object_component>
      <object_component id="oc-146">
         <name>.text:f_write</name>
         <load_address>0x6ae</load_address>
         <run_address>0x6ae</run_address>
         <size>0x2a0</size>
         <input_file_ref idref="fl-e"/>
      </object_component>
      <object_component id="oc-128">
         <name>.text:f_open</name>
         <load_address>0x94e</load_address>
         <run_address>0x94e</run_address>
         <size>0x216</size>
         <input_file_ref idref="fl-e"/>
      </object_component>
      <object_component id="oc-12f">
         <name>.text:f_read</name>
         <load_address>0xb64</load_address>
         <run_address>0xb64</run_address>
         <size>0x1f4</size>
         <input_file_ref idref="fl-e"/>
      </object_component>
      <object_component id="oc-94">
         <name>.text:main</name>
         <load_address>0xd58</load_address>
         <run_address>0xd58</run_address>
         <size>0x1de</size>
         <input_file_ref idref="fl-f"/>
      </object_component>
      <object_component id="oc-296">
         <name>.text:create_name</name>
         <load_address>0xf36</load_address>
         <run_address>0xf36</run_address>
         <size>0x196</size>
         <input_file_ref idref="fl-e"/>
      </object_component>
      <object_component id="oc-2b7">
         <name>.text:put_fat</name>
         <load_address>0x10cc</load_address>
         <run_address>0x10cc</run_address>
         <size>0x186</size>
         <input_file_ref idref="fl-e"/>
      </object_component>
      <object_component id="oc-2a9">
         <name>.text:dir_next</name>
         <load_address>0x1252</load_address>
         <run_address>0x1252</run_address>
         <size>0x17e</size>
         <input_file_ref idref="fl-e"/>
      </object_component>
      <object_component id="oc-27c">
         <name>.text:disk_initialize</name>
         <load_address>0x13d0</load_address>
         <run_address>0x13d0</run_address>
         <size>0x144</size>
         <input_file_ref idref="fl-10"/>
      </object_component>
      <object_component id="oc-217">
         <name>.text:get_fat</name>
         <load_address>0x1514</load_address>
         <run_address>0x1514</run_address>
         <size>0x13e</size>
         <input_file_ref idref="fl-e"/>
      </object_component>
      <object_component id="oc-23e">
         <name>.text:create_chain</name>
         <load_address>0x1652</load_address>
         <run_address>0x1652</run_address>
         <size>0x120</size>
         <input_file_ref idref="fl-e"/>
      </object_component>
      <object_component id="oc-2a2">
         <name>.text:dir_sdi</name>
         <load_address>0x1772</load_address>
         <run_address>0x1772</run_address>
         <size>0x100</size>
         <input_file_ref idref="fl-e"/>
      </object_component>
      <object_component id="oc-33a">
         <name>.text:disk_ioctl</name>
         <load_address>0x1872</load_address>
         <run_address>0x1872</run_address>
         <size>0xf4</size>
         <input_file_ref idref="fl-10"/>
      </object_component>
      <object_component id="oc-2dc">
         <name>.text:sync</name>
         <load_address>0x1966</load_address>
         <run_address>0x1966</run_address>
         <size>0xec</size>
         <input_file_ref idref="fl-e"/>
      </object_component>
      <object_component id="oc-200">
         <name>.text:move_window</name>
         <load_address>0x1a52</load_address>
         <run_address>0x1a52</run_address>
         <size>0xbe</size>
         <input_file_ref idref="fl-e"/>
      </object_component>
      <object_component id="oc-244">
         <name>.text:disk_write</name>
         <load_address>0x1b10</load_address>
         <run_address>0x1b10</run_address>
         <size>0xbc</size>
         <input_file_ref idref="fl-10"/>
      </object_component>
      <object_component id="oc-2c7">
         <name>.text:send_cmd</name>
         <load_address>0x1bcc</load_address>
         <run_address>0x1bcc</run_address>
         <size>0xba</size>
         <input_file_ref idref="fl-10"/>
      </object_component>
      <object_component id="oc-1e8">
         <name>.text:follow_path</name>
         <load_address>0x1c86</load_address>
         <run_address>0x1c86</run_address>
         <size>0xb4</size>
         <input_file_ref idref="fl-e"/>
      </object_component>
      <object_component id="oc-1ae">
         <name>.text:Dogs102x6_writeData</name>
         <load_address>0x1d3a</load_address>
         <run_address>0x1d3a</run_address>
         <size>0xaa</size>
         <input_file_ref idref="fl-8"/>
      </object_component>
      <object_component id="oc-230">
         <name>.text:f_sync</name>
         <load_address>0x1de4</load_address>
         <run_address>0x1de4</run_address>
         <size>0xa4</size>
         <input_file_ref idref="fl-e"/>
      </object_component>
      <object_component id="oc-1fa">
         <name>.text:remove_chain</name>
         <load_address>0x1e88</load_address>
         <run_address>0x1e88</run_address>
         <size>0x9c</size>
         <input_file_ref idref="fl-e"/>
      </object_component>
      <object_component id="oc-100">
         <name>.text:Cma3000_init</name>
         <load_address>0x1f24</load_address>
         <run_address>0x1f24</run_address>
         <size>0x9a</size>
         <input_file_ref idref="fl-7"/>
      </object_component>
      <object_component id="oc-223">
         <name>.text:disk_read</name>
         <load_address>0x1fbe</load_address>
         <run_address>0x1fbe</run_address>
         <size>0x94</size>
         <input_file_ref idref="fl-10"/>
      </object_component>
      <object_component id="oc-282">
         <name>.text:check_fs</name>
         <load_address>0x2052</load_address>
         <run_address>0x2052</run_address>
         <size>0x90</size>
         <input_file_ref idref="fl-e"/>
      </object_component>
      <object_component id="oc-140">
         <name>.text:Dogs102x6_pixelDraw</name>
         <load_address>0x20e2</load_address>
         <run_address>0x20e2</run_address>
         <size>0x86</size>
         <input_file_ref idref="fl-8"/>
      </object_component>
      <object_component id="oc-1ee">
         <name>.text:dir_register</name>
         <load_address>0x2168</load_address>
         <run_address>0x2168</run_address>
         <size>0x84</size>
         <input_file_ref idref="fl-e"/>
      </object_component>
      <object_component id="oc-7a">
         <name>.text:_auto_init_hold_wdt</name>
         <load_address>0x21ec</load_address>
         <run_address>0x21ec</run_address>
         <size>0x82</size>
         <input_file_ref idref="fl-4c"/>
      </object_component>
      <object_component id="oc-e8">
         <name>.text:Dogs102x6_init</name>
         <load_address>0x226e</load_address>
         <run_address>0x226e</run_address>
         <size>0x78</size>
         <input_file_ref idref="fl-8"/>
      </object_component>
      <object_component id="oc-3">
         <name>.text:decompress:lzss:__TI_decompress_lzss</name>
         <load_address>0x22e6</load_address>
         <run_address>0x22e6</run_address>
         <size>0x78</size>
         <input_file_ref idref="fl-34"/>
      </object_component>
      <object_component id="oc-1a8">
         <name>.text:Dogs102x6_setAddress</name>
         <load_address>0x235e</load_address>
         <run_address>0x235e</run_address>
         <size>0x66</size>
         <input_file_ref idref="fl-8"/>
      </object_component>
      <object_component id="oc-c1">
         <name>.text:copy_in</name>
         <load_address>0x23c4</load_address>
         <run_address>0x23c4</run_address>
         <size>0x66</size>
         <input_file_ref idref="fl-4d"/>
      </object_component>
      <object_component id="oc-29c">
         <name>.text:dir_find</name>
         <load_address>0x242a</load_address>
         <run_address>0x242a</run_address>
         <size>0x5a</size>
         <input_file_ref idref="fl-e"/>
      </object_component>
      <object_component id="oc-28d">
         <name>.text</name>
         <load_address>0x2484</load_address>
         <run_address>0x2484</run_address>
         <size>0x58</size>
         <input_file_ref idref="fl-38"/>
      </object_component>
      <object_component id="oc-2e5">
         <name>.text:xmit_datablock</name>
         <load_address>0x24dc</load_address>
         <run_address>0x24dc</run_address>
         <size>0x58</size>
         <input_file_ref idref="fl-10"/>
      </object_component>
      <object_component id="oc-2cd">
         <name>.text:rcvr_datablock</name>
         <load_address>0x2534</load_address>
         <run_address>0x2534</run_address>
         <size>0x52</size>
         <input_file_ref idref="fl-10"/>
      </object_component>
      <object_component id="oc-121">
         <name>.text:parseProjectionByte</name>
         <load_address>0x2586</load_address>
         <run_address>0x2586</run_address>
         <size>0x4e</size>
         <input_file_ref idref="fl-f"/>
      </object_component>
      <object_component id="oc-2f6">
         <name>.text:SDCard_init</name>
         <load_address>0x25d4</load_address>
         <run_address>0x25d4</run_address>
         <size>0x4a</size>
         <input_file_ref idref="fl-b"/>
      </object_component>
      <object_component id="oc-1bc">
         <name>.text:Cma3000_writeRegister</name>
         <load_address>0x261e</load_address>
         <run_address>0x261e</run_address>
         <size>0x48</size>
         <input_file_ref idref="fl-7"/>
      </object_component>
      <object_component id="oc-f4">
         <name>.text:Dogs102x6_setBacklight</name>
         <load_address>0x2666</load_address>
         <run_address>0x2666</run_address>
         <size>0x48</size>
         <input_file_ref idref="fl-8"/>
      </object_component>
      <object_component id="oc-1b5">
         <name>.text:Cma3000_readRegister</name>
         <load_address>0x26ae</load_address>
         <run_address>0x26ae</run_address>
         <size>0x46</size>
         <input_file_ref idref="fl-7"/>
      </object_component>
      <object_component id="oc-193">
         <name>.text:Dogs102x6_writeCommand</name>
         <load_address>0x26f4</load_address>
         <run_address>0x26f4</run_address>
         <size>0x42</size>
         <input_file_ref idref="fl-8"/>
      </object_component>
      <object_component id="oc-fa">
         <name>.text:Dogs102x6_clearScreen</name>
         <load_address>0x2736</load_address>
         <run_address>0x2736</run_address>
         <size>0x40</size>
         <input_file_ref idref="fl-8"/>
      </object_component>
      <object_component id="oc-21d">
         <name>.text:clust2sect</name>
         <load_address>0x2776</load_address>
         <run_address>0x2776</run_address>
         <size>0x3e</size>
         <input_file_ref idref="fl-e"/>
      </object_component>
      <object_component id="oc-206">
         <name>.text:l_lsl_const</name>
         <load_address>0x27b4</load_address>
         <run_address>0x27b4</run_address>
         <size>0x3e</size>
         <input_file_ref idref="fl-3c"/>
      </object_component>
      <object_component id="oc-212">
         <name>.text:l_lsr_const</name>
         <load_address>0x27f2</load_address>
         <run_address>0x27f2</run_address>
         <size>0x3e</size>
         <input_file_ref idref="fl-3e"/>
      </object_component>
      <object_component id="oc-34c">
         <name>.text:SDCard_readFrame</name>
         <load_address>0x2830</load_address>
         <run_address>0x2830</run_address>
         <size>0x38</size>
         <input_file_ref idref="fl-b"/>
      </object_component>
      <object_component id="oc-341">
         <name>.text:wait_ready</name>
         <load_address>0x2868</load_address>
         <run_address>0x2868</run_address>
         <size>0x36</size>
         <input_file_ref idref="fl-10"/>
      </object_component>
      <object_component id="oc-10c">
         <name>.text:f_mount</name>
         <load_address>0x289e</load_address>
         <run_address>0x289e</run_address>
         <size>0x32</size>
         <input_file_ref idref="fl-e"/>
      </object_component>
      <object_component id="oc-ee">
         <name>.text:Dogs102x6_backlightInit</name>
         <load_address>0x28d0</load_address>
         <run_address>0x28d0</run_address>
         <size>0x30</size>
         <input_file_ref idref="fl-8"/>
      </object_component>
      <object_component id="oc-35d">
         <name>.text:SDCard_sendFrame</name>
         <load_address>0x2900</load_address>
         <run_address>0x2900</run_address>
         <size>0x2e</size>
         <input_file_ref idref="fl-b"/>
      </object_component>
      <object_component id="oc-20c">
         <name>.text:validate</name>
         <load_address>0x292e</load_address>
         <run_address>0x292e</run_address>
         <size>0x2c</size>
         <input_file_ref idref="fl-e"/>
      </object_component>
      <object_component id="oc-f">
         <name>.text:decompress:ZI:__TI_zero_init</name>
         <load_address>0x295a</load_address>
         <run_address>0x295a</run_address>
         <size>0x24</size>
         <input_file_ref idref="fl-36"/>
      </object_component>
      <object_component id="oc-288">
         <name>.text</name>
         <load_address>0x297e</load_address>
         <run_address>0x297e</run_address>
         <size>0x24</size>
         <input_file_ref idref="fl-47"/>
      </object_component>
      <object_component id="oc-276">
         <name>.text:disk_status</name>
         <load_address>0x29a2</load_address>
         <run_address>0x29a2</run_address>
         <size>0x20</size>
         <input_file_ref idref="fl-10"/>
      </object_component>
      <object_component id="oc-118">
         <name>.text:Cma3000_readAccel_y</name>
         <load_address>0x29c2</load_address>
         <run_address>0x29c2</run_address>
         <size>0x1c</size>
         <input_file_ref idref="fl-f"/>
      </object_component>
      <object_component id="oc-2d">
         <name>.text:_isr:_c_int00_noargs_noexit</name>
         <load_address>0x29de</load_address>
         <run_address>0x29de</run_address>
         <size>0x1a</size>
         <input_file_ref idref="fl-33"/>
      </object_component>
      <object_component id="oc-161">
         <name>.text</name>
         <load_address>0x29f8</load_address>
         <run_address>0x29f8</run_address>
         <size>0x18</size>
         <input_file_ref idref="fl-44"/>
      </object_component>
      <object_component id="oc-329">
         <name>.text:select</name>
         <load_address>0x2a10</load_address>
         <run_address>0x2a10</run_address>
         <size>0x18</size>
         <input_file_ref idref="fl-10"/>
      </object_component>
      <object_component id="oc-106">
         <name>.text:SetupButtons</name>
         <load_address>0x2a28</load_address>
         <run_address>0x2a28</run_address>
         <size>0x16</size>
         <input_file_ref idref="fl-f"/>
      </object_component>
      <object_component id="oc-315">
         <name>.text:chk_chr</name>
         <load_address>0x2a3e</load_address>
         <run_address>0x2a3e</run_address>
         <size>0x16</size>
         <input_file_ref idref="fl-e"/>
      </object_component>
      <object_component id="oc-135">
         <name>.text:f_close</name>
         <load_address>0x2a54</load_address>
         <run_address>0x2a54</run_address>
         <size>0x16</size>
         <input_file_ref idref="fl-e"/>
      </object_component>
      <object_component id="oc-1a2">
         <name>.text:memset</name>
         <load_address>0x2a6a</load_address>
         <run_address>0x2a6a</run_address>
         <size>0x16</size>
         <input_file_ref idref="fl-40"/>
      </object_component>
      <object_component id="oc-13b">
         <name>.text</name>
         <load_address>0x2a80</load_address>
         <run_address>0x2a80</run_address>
         <size>0x16</size>
         <input_file_ref idref="fl-37"/>
      </object_component>
      <object_component id="oc-31c">
         <name>.text:mem_cmp</name>
         <load_address>0x2a96</load_address>
         <run_address>0x2a96</run_address>
         <size>0x14</size>
         <input_file_ref idref="fl-e"/>
      </object_component>
      <object_component id="oc-60">
         <name>.text:memcpy</name>
         <load_address>0x2aaa</load_address>
         <run_address>0x2aaa</run_address>
         <size>0x14</size>
         <input_file_ref idref="fl-3f"/>
      </object_component>
      <object_component id="oc-308">
         <name>.text:SDCard_fastMode</name>
         <load_address>0x2abe</load_address>
         <run_address>0x2abe</run_address>
         <size>0x12</size>
         <input_file_ref idref="fl-b"/>
      </object_component>
      <object_component id="oc-9">
         <name>.text:decompress:none:__TI_decompress_none</name>
         <load_address>0x2ad0</load_address>
         <run_address>0x2ad0</run_address>
         <size>0x12</size>
         <input_file_ref idref="fl-35"/>
      </object_component>
      <object_component id="oc-2d3">
         <name>.text:deselect</name>
         <load_address>0x2ae2</load_address>
         <run_address>0x2ae2</run_address>
         <size>0x12</size>
         <input_file_ref idref="fl-10"/>
      </object_component>
      <object_component id="oc-229">
         <name>.text:mem_cpy</name>
         <load_address>0x2af4</load_address>
         <run_address>0x2af4</run_address>
         <size>0x12</size>
         <input_file_ref idref="fl-e"/>
      </object_component>
      <object_component id="oc-2af">
         <name>.text:mem_set</name>
         <load_address>0x2b06</load_address>
         <run_address>0x2b06</run_address>
         <size>0x12</size>
         <input_file_ref idref="fl-e"/>
      </object_component>
      <object_component id="oc-364">
         <name>.text:l_lsl</name>
         <load_address>0x2b18</load_address>
         <run_address>0x2b18</run_address>
         <size>0x10</size>
         <input_file_ref idref="fl-3c"/>
      </object_component>
      <object_component id="oc-1f4">
         <name>.text:get_fattime</name>
         <load_address>0x2b28</load_address>
         <run_address>0x2b28</run_address>
         <size>0xa</size>
         <input_file_ref idref="fl-10"/>
      </object_component>
      <object_component id="oc-238">
         <name>.text</name>
         <load_address>0x2b32</load_address>
         <run_address>0x2b32</run_address>
         <size>0xa</size>
         <input_file_ref idref="fl-31"/>
      </object_component>
      <object_component id="oc-2fc">
         <name>.text:SDCard_setCSHigh</name>
         <load_address>0x2b3c</load_address>
         <run_address>0x2b3c</run_address>
         <size>0x8</size>
         <input_file_ref idref="fl-b"/>
      </object_component>
      <object_component id="oc-356">
         <name>.text:SDCard_setCSLow</name>
         <load_address>0x2b44</load_address>
         <run_address>0x2b44</run_address>
         <size>0x8</size>
         <input_file_ref idref="fl-b"/>
      </object_component>
      <object_component id="oc-9c">
         <name>.text:abort</name>
         <load_address>0x2b4c</load_address>
         <run_address>0x2b4c</run_address>
         <size>0x6</size>
         <input_file_ref idref="fl-39"/>
      </object_component>
      <object_component id="oc-302">
         <name>.text:rcvr_mmc</name>
         <load_address>0x2b52</load_address>
         <run_address>0x2b52</run_address>
         <size>0x6</size>
         <input_file_ref idref="fl-10"/>
      </object_component>
      <object_component id="oc-32f">
         <name>.text:xmit_mmc</name>
         <load_address>0x2b58</load_address>
         <run_address>0x2b58</run_address>
         <size>0x6</size>
         <input_file_ref idref="fl-10"/>
      </object_component>
      <object_component id="oc-74">
         <name>.text:_system_pre_init</name>
         <load_address>0x2b5e</load_address>
         <run_address>0x2b5e</run_address>
         <size>0x4</size>
         <input_file_ref idref="fl-49"/>
      </object_component>
      <object_component id="oc-c7">
         <name>.text:_system_post_cinit</name>
         <load_address>0x2b62</load_address>
         <run_address>0x2b62</run_address>
         <size>0x2</size>
         <input_file_ref idref="fl-4e"/>
      </object_component>
      <object_component id="oc-314">
         <name>.const:.string</name>
         <load_address>0x2f9c</load_address>
         <run_address>0x2f9c</run_address>
         <size>0x10</size>
         <input_file_ref idref="fl-e"/>
      </object_component>
      <object_component id="oc-127">
         <name>.const:.string</name>
         <load_address>0x2fac</load_address>
         <run_address>0x2fac</run_address>
         <size>0xc</size>
         <input_file_ref idref="fl-f"/>
      </object_component>
      <object_component id="oc-261">
         <name>.const:.string:$P$T1$2</name>
         <load_address>0x2fb8</load_address>
         <run_address>0x2fb8</run_address>
         <size>0x2</size>
         <input_file_ref idref="fl-8"/>
      </object_component>
      <object_component id="oc-19e">
         <name>.data</name>
         <load_address>0x2f95</load_address>
         <run_address>0x2f95</run_address>
         <size>0x5</size>
         <input_file_ref idref="fl-8"/>
      </object_component>
      <object_component id="oc-190">
         <name>.data:Dogs102x6_initMacro</name>
         <load_address>0x2f60</load_address>
         <run_address>0x2f60</run_address>
         <size>0x10</size>
         <input_file_ref idref="fl-8"/>
      </object_component>
      <object_component id="oc-112">
         <name>.data</name>
         <load_address>0x2f70</load_address>
         <run_address>0x2f70</run_address>
         <size>0x10</size>
         <input_file_ref idref="fl-f"/>
      </object_component>
      <object_component id="oc-1de">
         <name>.data:MAPPING_VALUES</name>
         <load_address>0x2f80</load_address>
         <run_address>0x2f80</run_address>
         <size>0xe</size>
         <input_file_ref idref="fl-f"/>
      </object_component>
      <object_component id="oc-1db">
         <name>.data:BITx</name>
         <load_address>0x2f8e</load_address>
         <run_address>0x2f8e</run_address>
         <size>0x7</size>
         <input_file_ref idref="fl-f"/>
      </object_component>
      <object_component id="oc-2f2">
         <name>.data</name>
         <load_address>0x2f9a</load_address>
         <run_address>0x2f9a</run_address>
         <size>0x2</size>
         <input_file_ref idref="fl-10"/>
      </object_component>
      <object_component id="oc-1c5">
         <name>.bss:FatFs</name>
         <uninitialized>true</uninitialized>
         <run_address>0x2f56</run_address>
         <size>0x4</size>
         <input_file_ref idref="fl-e"/>
      </object_component>
      <object_component id="oc-292">
         <name>.bss</name>
         <uninitialized>true</uninitialized>
         <run_address>0x2f5a</run_address>
         <size>0x2</size>
         <input_file_ref idref="fl-e"/>
      </object_component>
      <object_component id="oc-2c4">
         <name>.bss</name>
         <uninitialized>true</uninitialized>
         <run_address>0x2f5c</run_address>
         <size>0x1</size>
         <input_file_ref idref="fl-10"/>
      </object_component>
      <object_component id="oc-1c2">
         <name>.common:accelData</name>
         <uninitialized>true</uninitialized>
         <run_address>0x2f5f</run_address>
         <size>0x1</size>
      </object_component>
      <object_component id="oc-1bb">
         <name>.common:RevID</name>
         <uninitialized>true</uninitialized>
         <run_address>0x2f5e</run_address>
         <size>0x1</size>
      </object_component>
      <object_component id="oc-11e">
         <name>.common:Cma3000_yAccel</name>
         <uninitialized>true</uninitialized>
         <run_address>0x2f5d</run_address>
         <size>0x1</size>
      </object_component>
      <object_component id="oc-199">
         <name>.common:dogs102x6Memory</name>
         <uninitialized>true</uninitialized>
         <run_address>0x2b64</run_address>
         <size>0x332</size>
      </object_component>
      <object_component id="oc-115">
         <name>.common:buffer</name>
         <uninitialized>true</uninitialized>
         <run_address>0x2e96</run_address>
         <size>0x60</size>
      </object_component>
      <object_component id="oc-12e">
         <name>.common:temp_buffer</name>
         <uninitialized>true</uninitialized>
         <run_address>0x2ef6</run_address>
         <size>0x60</size>
      </object_component>
      <object_component id="oc-54">
         <name>.reset</name>
         <load_address>0xfffe</load_address>
         <run_address>0xfffe</run_address>
         <size>0x2</size>
         <input_file_ref idref="fl-32"/>
      </object_component>
      <object_component id="oc-398">
         <name>.cinit..data.load</name>
         <load_address>0x305c</load_address>
         <run_address>0x305c</run_address>
         <size>0x3f</size>
      </object_component>
      <object_component id="oc-396">
         <name>__TI_handler_table</name>
         <load_address>0x309c</load_address>
         <run_address>0x309c</run_address>
         <size>0xc</size>
      </object_component>
      <object_component id="oc-399">
         <name>.cinit..bss.load</name>
         <load_address>0x30a8</load_address>
         <run_address>0x30a8</run_address>
         <size>0x6</size>
      </object_component>
      <object_component id="oc-397">
         <name>__TI_cinit_table</name>
         <load_address>0x30ae</load_address>
         <run_address>0x30ae</run_address>
         <size>0x10</size>
      </object_component>
      <object_component id="oc-271">
         <name>.debug_info</name>
         <load_address>0x0</load_address>
         <run_address>0x0</run_address>
         <size>0x204</size>
         <input_file_ref idref="fl-2"/>
      </object_component>
      <object_component id="oc-1ce">
         <name>.debug_info</name>
         <load_address>0x204</load_address>
         <run_address>0x204</run_address>
         <size>0x239</size>
         <input_file_ref idref="fl-2"/>
      </object_component>
      <object_component id="oc-5b">
         <name>.debug_info</name>
         <load_address>0x43d</load_address>
         <run_address>0x43d</run_address>
         <size>0x84</size>
         <input_file_ref idref="fl-2"/>
      </object_component>
      <object_component id="oc-1d3">
         <name>.debug_info</name>
         <load_address>0x4c1</load_address>
         <run_address>0x4c1</run_address>
         <size>0x2c</size>
         <input_file_ref idref="fl-2"/>
      </object_component>
      <object_component id="oc-14d">
         <name>.debug_info</name>
         <load_address>0x4ed</load_address>
         <run_address>0x4ed</run_address>
         <size>0x18b</size>
         <input_file_ref idref="fl-2"/>
      </object_component>
      <object_component id="oc-11f">
         <name>.debug_info</name>
         <load_address>0x678</load_address>
         <run_address>0x678</run_address>
         <size>0x4da</size>
         <input_file_ref idref="fl-7"/>
      </object_component>
      <object_component id="oc-102">
         <name>.debug_info</name>
         <load_address>0xb52</load_address>
         <run_address>0xb52</run_address>
         <size>0x13e</size>
         <input_file_ref idref="fl-7"/>
      </object_component>
      <object_component id="oc-1b6">
         <name>.debug_info</name>
         <load_address>0xc90</load_address>
         <run_address>0xc90</run_address>
         <size>0x161</size>
         <input_file_ref idref="fl-7"/>
      </object_component>
      <object_component id="oc-1bd">
         <name>.debug_info</name>
         <load_address>0xdf1</load_address>
         <run_address>0xdf1</run_address>
         <size>0x199</size>
         <input_file_ref idref="fl-7"/>
      </object_component>
      <object_component id="oc-19a">
         <name>.debug_info</name>
         <load_address>0xf8a</load_address>
         <run_address>0xf8a</run_address>
         <size>0x4db</size>
         <input_file_ref idref="fl-8"/>
      </object_component>
      <object_component id="oc-19f">
         <name>.debug_info</name>
         <load_address>0x1465</load_address>
         <run_address>0x1465</run_address>
         <size>0x15f</size>
         <input_file_ref idref="fl-8"/>
      </object_component>
      <object_component id="oc-191">
         <name>.debug_info</name>
         <load_address>0x15c4</load_address>
         <run_address>0x15c4</run_address>
         <size>0xdf</size>
         <input_file_ref idref="fl-8"/>
      </object_component>
      <object_component id="oc-262">
         <name>.debug_info</name>
         <load_address>0x16a3</load_address>
         <run_address>0x16a3</run_address>
         <size>0xc7</size>
         <input_file_ref idref="fl-8"/>
      </object_component>
      <object_component id="oc-ea">
         <name>.debug_info</name>
         <load_address>0x176a</load_address>
         <run_address>0x176a</run_address>
         <size>0x12f</size>
         <input_file_ref idref="fl-8"/>
      </object_component>
      <object_component id="oc-f0">
         <name>.debug_info</name>
         <load_address>0x1899</load_address>
         <run_address>0x1899</run_address>
         <size>0x126</size>
         <input_file_ref idref="fl-8"/>
      </object_component>
      <object_component id="oc-f6">
         <name>.debug_info</name>
         <load_address>0x19bf</load_address>
         <run_address>0x19bf</run_address>
         <size>0x197</size>
         <input_file_ref idref="fl-8"/>
      </object_component>
      <object_component id="oc-195">
         <name>.debug_info</name>
         <load_address>0x1b56</load_address>
         <run_address>0x1b56</run_address>
         <size>0x16b</size>
         <input_file_ref idref="fl-8"/>
      </object_component>
      <object_component id="oc-1b0">
         <name>.debug_info</name>
         <load_address>0x1cc1</load_address>
         <run_address>0x1cc1</run_address>
         <size>0x191</size>
         <input_file_ref idref="fl-8"/>
      </object_component>
      <object_component id="oc-1aa">
         <name>.debug_info</name>
         <load_address>0x1e52</load_address>
         <run_address>0x1e52</run_address>
         <size>0x1d8</size>
         <input_file_ref idref="fl-8"/>
      </object_component>
      <object_component id="oc-fc">
         <name>.debug_info</name>
         <load_address>0x202a</load_address>
         <run_address>0x202a</run_address>
         <size>0x192</size>
         <input_file_ref idref="fl-8"/>
      </object_component>
      <object_component id="oc-142">
         <name>.debug_info</name>
         <load_address>0x21bc</load_address>
         <run_address>0x21bc</run_address>
         <size>0x211</size>
         <input_file_ref idref="fl-8"/>
      </object_component>
      <object_component id="oc-36c">
         <name>.debug_info</name>
         <load_address>0x23cd</load_address>
         <run_address>0x23cd</run_address>
         <size>0x380</size>
         <input_file_ref idref="fl-b"/>
      </object_component>
      <object_component id="oc-2f9">
         <name>.debug_info</name>
         <load_address>0x274d</load_address>
         <run_address>0x274d</run_address>
         <size>0x102</size>
         <input_file_ref idref="fl-b"/>
      </object_component>
      <object_component id="oc-30b">
         <name>.debug_info</name>
         <load_address>0x284f</load_address>
         <run_address>0x284f</run_address>
         <size>0x10a</size>
         <input_file_ref idref="fl-b"/>
      </object_component>
      <object_component id="oc-34d">
         <name>.debug_info</name>
         <load_address>0x2959</load_address>
         <run_address>0x2959</run_address>
         <size>0x16b</size>
         <input_file_ref idref="fl-b"/>
      </object_component>
      <object_component id="oc-35f">
         <name>.debug_info</name>
         <load_address>0x2ac4</load_address>
         <run_address>0x2ac4</run_address>
         <size>0x16b</size>
         <input_file_ref idref="fl-b"/>
      </object_component>
      <object_component id="oc-2fe">
         <name>.debug_info</name>
         <load_address>0x2c2f</load_address>
         <run_address>0x2c2f</run_address>
         <size>0x10c</size>
         <input_file_ref idref="fl-b"/>
      </object_component>
      <object_component id="oc-358">
         <name>.debug_info</name>
         <load_address>0x2d3b</load_address>
         <run_address>0x2d3b</run_address>
         <size>0x10a</size>
         <input_file_ref idref="fl-b"/>
      </object_component>
      <object_component id="oc-1c9">
         <name>.debug_info</name>
         <load_address>0x2e45</load_address>
         <run_address>0x2e45</run_address>
         <size>0x30f</size>
         <input_file_ref idref="fl-e"/>
      </object_component>
      <object_component id="oc-1c6">
         <name>.debug_info</name>
         <load_address>0x3154</load_address>
         <run_address>0x3154</run_address>
         <size>0xb8</size>
         <input_file_ref idref="fl-e"/>
      </object_component>
      <object_component id="oc-293">
         <name>.debug_info</name>
         <load_address>0x320c</load_address>
         <run_address>0x320c</run_address>
         <size>0xb6</size>
         <input_file_ref idref="fl-e"/>
      </object_component>
      <object_component id="oc-22a">
         <name>.debug_info</name>
         <load_address>0x32c2</load_address>
         <run_address>0x32c2</run_address>
         <size>0x136</size>
         <input_file_ref idref="fl-e"/>
      </object_component>
      <object_component id="oc-2b0">
         <name>.debug_info</name>
         <load_address>0x33f8</load_address>
         <run_address>0x33f8</run_address>
         <size>0x13a</size>
         <input_file_ref idref="fl-e"/>
      </object_component>
      <object_component id="oc-31d">
         <name>.debug_info</name>
         <load_address>0x3532</load_address>
         <run_address>0x3532</run_address>
         <size>0x154</size>
         <input_file_ref idref="fl-e"/>
      </object_component>
      <object_component id="oc-316">
         <name>.debug_info</name>
         <load_address>0x3686</load_address>
         <run_address>0x3686</run_address>
         <size>0x124</size>
         <input_file_ref idref="fl-e"/>
      </object_component>
      <object_component id="oc-201">
         <name>.debug_info</name>
         <load_address>0x37aa</load_address>
         <run_address>0x37aa</run_address>
         <size>0x195</size>
         <input_file_ref idref="fl-e"/>
      </object_component>
      <object_component id="oc-2dd">
         <name>.debug_info</name>
         <load_address>0x393f</load_address>
         <run_address>0x393f</run_address>
         <size>0x14d</size>
         <input_file_ref idref="fl-e"/>
      </object_component>
      <object_component id="oc-21e">
         <name>.debug_info</name>
         <load_address>0x3a8c</load_address>
         <run_address>0x3a8c</run_address>
         <size>0x149</size>
         <input_file_ref idref="fl-e"/>
      </object_component>
      <object_component id="oc-218">
         <name>.debug_info</name>
         <load_address>0x3bd5</load_address>
         <run_address>0x3bd5</run_address>
         <size>0x1c8</size>
         <input_file_ref idref="fl-e"/>
      </object_component>
      <object_component id="oc-2b8">
         <name>.debug_info</name>
         <load_address>0x3d9d</load_address>
         <run_address>0x3d9d</run_address>
         <size>0x21d</size>
         <input_file_ref idref="fl-e"/>
      </object_component>
      <object_component id="oc-1fb">
         <name>.debug_info</name>
         <load_address>0x3fba</load_address>
         <run_address>0x3fba</run_address>
         <size>0x177</size>
         <input_file_ref idref="fl-e"/>
      </object_component>
      <object_component id="oc-23f">
         <name>.debug_info</name>
         <load_address>0x4131</load_address>
         <run_address>0x4131</run_address>
         <size>0x1b9</size>
         <input_file_ref idref="fl-e"/>
      </object_component>
      <object_component id="oc-2a3">
         <name>.debug_info</name>
         <load_address>0x42ea</load_address>
         <run_address>0x42ea</run_address>
         <size>0x162</size>
         <input_file_ref idref="fl-e"/>
      </object_component>
      <object_component id="oc-2aa">
         <name>.debug_info</name>
         <load_address>0x444c</load_address>
         <run_address>0x444c</run_address>
         <size>0x1d3</size>
         <input_file_ref idref="fl-e"/>
      </object_component>
      <object_component id="oc-29d">
         <name>.debug_info</name>
         <load_address>0x461f</load_address>
         <run_address>0x461f</run_address>
         <size>0x15f</size>
         <input_file_ref idref="fl-e"/>
      </object_component>
      <object_component id="oc-1ef">
         <name>.debug_info</name>
         <load_address>0x477e</load_address>
         <run_address>0x477e</run_address>
         <size>0x192</size>
         <input_file_ref idref="fl-e"/>
      </object_component>
      <object_component id="oc-297">
         <name>.debug_info</name>
         <load_address>0x4910</load_address>
         <run_address>0x4910</run_address>
         <size>0x1a8</size>
         <input_file_ref idref="fl-e"/>
      </object_component>
      <object_component id="oc-1e9">
         <name>.debug_info</name>
         <load_address>0x4ab8</load_address>
         <run_address>0x4ab8</run_address>
         <size>0x187</size>
         <input_file_ref idref="fl-e"/>
      </object_component>
      <object_component id="oc-283">
         <name>.debug_info</name>
         <load_address>0x4c3f</load_address>
         <run_address>0x4c3f</run_address>
         <size>0x140</size>
         <input_file_ref idref="fl-e"/>
      </object_component>
      <object_component id="oc-1e3">
         <name>.debug_info</name>
         <load_address>0x4d7f</load_address>
         <run_address>0x4d7f</run_address>
         <size>0x39e</size>
         <input_file_ref idref="fl-e"/>
      </object_component>
      <object_component id="oc-20d">
         <name>.debug_info</name>
         <load_address>0x511d</load_address>
         <run_address>0x511d</run_address>
         <size>0x130</size>
         <input_file_ref idref="fl-e"/>
      </object_component>
      <object_component id="oc-10d">
         <name>.debug_info</name>
         <load_address>0x524d</load_address>
         <run_address>0x524d</run_address>
         <size>0x130</size>
         <input_file_ref idref="fl-e"/>
      </object_component>
      <object_component id="oc-129">
         <name>.debug_info</name>
         <load_address>0x537d</load_address>
         <run_address>0x537d</run_address>
         <size>0x226</size>
         <input_file_ref idref="fl-e"/>
      </object_component>
      <object_component id="oc-130">
         <name>.debug_info</name>
         <load_address>0x55a3</load_address>
         <run_address>0x55a3</run_address>
         <size>0x277</size>
         <input_file_ref idref="fl-e"/>
      </object_component>
      <object_component id="oc-147">
         <name>.debug_info</name>
         <load_address>0x581a</load_address>
         <run_address>0x581a</run_address>
         <size>0x29c</size>
         <input_file_ref idref="fl-e"/>
      </object_component>
      <object_component id="oc-231">
         <name>.debug_info</name>
         <load_address>0x5ab6</load_address>
         <run_address>0x5ab6</run_address>
         <size>0x171</size>
         <input_file_ref idref="fl-e"/>
      </object_component>
      <object_component id="oc-136">
         <name>.debug_info</name>
         <load_address>0x5c27</load_address>
         <run_address>0x5c27</run_address>
         <size>0x11f</size>
         <input_file_ref idref="fl-e"/>
      </object_component>
      <object_component id="oc-26c">
         <name>.debug_info</name>
         <load_address>0x5d46</load_address>
         <run_address>0x5d46</run_address>
         <size>0x70</size>
         <input_file_ref idref="fl-e"/>
      </object_component>
      <object_component id="oc-152">
         <name>.debug_info</name>
         <load_address>0x5db6</load_address>
         <run_address>0x5db6</run_address>
         <size>0x493</size>
         <input_file_ref idref="fl-e"/>
      </object_component>
      <object_component id="oc-157">
         <name>.debug_info</name>
         <load_address>0x6249</load_address>
         <run_address>0x6249</run_address>
         <size>0xbb</size>
         <input_file_ref idref="fl-e"/>
      </object_component>
      <object_component id="oc-116">
         <name>.debug_info</name>
         <load_address>0x6304</load_address>
         <run_address>0x6304</run_address>
         <size>0x6ec</size>
         <input_file_ref idref="fl-f"/>
      </object_component>
      <object_component id="oc-113">
         <name>.debug_info</name>
         <load_address>0x69f0</load_address>
         <run_address>0x69f0</run_address>
         <size>0x19f</size>
         <input_file_ref idref="fl-f"/>
      </object_component>
      <object_component id="oc-1df">
         <name>.debug_info</name>
         <load_address>0x6b8f</load_address>
         <run_address>0x6b8f</run_address>
         <size>0xcc</size>
         <input_file_ref idref="fl-f"/>
      </object_component>
      <object_component id="oc-1dc">
         <name>.debug_info</name>
         <load_address>0x6c5b</load_address>
         <run_address>0x6c5b</run_address>
         <size>0xb8</size>
         <input_file_ref idref="fl-f"/>
      </object_component>
      <object_component id="oc-122">
         <name>.debug_info</name>
         <load_address>0x6d13</load_address>
         <run_address>0x6d13</run_address>
         <size>0x19d</size>
         <input_file_ref idref="fl-f"/>
      </object_component>
      <object_component id="oc-119">
         <name>.debug_info</name>
         <load_address>0x6eb0</load_address>
         <run_address>0x6eb0</run_address>
         <size>0x11b</size>
         <input_file_ref idref="fl-f"/>
      </object_component>
      <object_component id="oc-107">
         <name>.debug_info</name>
         <load_address>0x6fcb</load_address>
         <run_address>0x6fcb</run_address>
         <size>0xf2</size>
         <input_file_ref idref="fl-f"/>
      </object_component>
      <object_component id="oc-95">
         <name>.debug_info</name>
         <load_address>0x70bd</load_address>
         <run_address>0x70bd</run_address>
         <size>0x2e4</size>
         <input_file_ref idref="fl-f"/>
      </object_component>
      <object_component id="oc-2da">
         <name>.debug_info</name>
         <load_address>0x73a1</load_address>
         <run_address>0x73a1</run_address>
         <size>0x298</size>
         <input_file_ref idref="fl-10"/>
      </object_component>
      <object_component id="oc-2f3">
         <name>.debug_info</name>
         <load_address>0x7639</load_address>
         <run_address>0x7639</run_address>
         <size>0xcd</size>
         <input_file_ref idref="fl-10"/>
      </object_component>
      <object_component id="oc-2c5">
         <name>.debug_info</name>
         <load_address>0x7706</load_address>
         <run_address>0x7706</run_address>
         <size>0xbe</size>
         <input_file_ref idref="fl-10"/>
      </object_component>
      <object_component id="oc-1f5">
         <name>.debug_info</name>
         <load_address>0x77c4</load_address>
         <run_address>0x77c4</run_address>
         <size>0x105</size>
         <input_file_ref idref="fl-10"/>
      </object_component>
      <object_component id="oc-331">
         <name>.debug_info</name>
         <load_address>0x78c9</load_address>
         <run_address>0x78c9</run_address>
         <size>0x11b</size>
         <input_file_ref idref="fl-10"/>
      </object_component>
      <object_component id="oc-303">
         <name>.debug_info</name>
         <load_address>0x79e4</load_address>
         <run_address>0x79e4</run_address>
         <size>0x11b</size>
         <input_file_ref idref="fl-10"/>
      </object_component>
      <object_component id="oc-342">
         <name>.debug_info</name>
         <load_address>0x7aff</load_address>
         <run_address>0x7aff</run_address>
         <size>0x118</size>
         <input_file_ref idref="fl-10"/>
      </object_component>
      <object_component id="oc-2d4">
         <name>.debug_info</name>
         <load_address>0x7c17</load_address>
         <run_address>0x7c17</run_address>
         <size>0x118</size>
         <input_file_ref idref="fl-10"/>
      </object_component>
      <object_component id="oc-32a">
         <name>.debug_info</name>
         <load_address>0x7d2f</load_address>
         <run_address>0x7d2f</run_address>
         <size>0x11c</size>
         <input_file_ref idref="fl-10"/>
      </object_component>
      <object_component id="oc-2ce">
         <name>.debug_info</name>
         <load_address>0x7e4b</load_address>
         <run_address>0x7e4b</run_address>
         <size>0x17e</size>
         <input_file_ref idref="fl-10"/>
      </object_component>
      <object_component id="oc-2e6">
         <name>.debug_info</name>
         <load_address>0x7fc9</load_address>
         <run_address>0x7fc9</run_address>
         <size>0x197</size>
         <input_file_ref idref="fl-10"/>
      </object_component>
      <object_component id="oc-2c8">
         <name>.debug_info</name>
         <load_address>0x8160</load_address>
         <run_address>0x8160</run_address>
         <size>0x1c6</size>
         <input_file_ref idref="fl-10"/>
      </object_component>
      <object_component id="oc-277">
         <name>.debug_info</name>
         <load_address>0x8326</load_address>
         <run_address>0x8326</run_address>
         <size>0x11d</size>
         <input_file_ref idref="fl-10"/>
      </object_component>
      <object_component id="oc-27d">
         <name>.debug_info</name>
         <load_address>0x8443</load_address>
         <run_address>0x8443</run_address>
         <size>0x252</size>
         <input_file_ref idref="fl-10"/>
      </object_component>
      <object_component id="oc-224">
         <name>.debug_info</name>
         <load_address>0x8695</load_address>
         <run_address>0x8695</run_address>
         <size>0x215</size>
         <input_file_ref idref="fl-10"/>
      </object_component>
      <object_component id="oc-245">
         <name>.debug_info</name>
         <load_address>0x88aa</load_address>
         <run_address>0x88aa</run_address>
         <size>0x22c</size>
         <input_file_ref idref="fl-10"/>
      </object_component>
      <object_component id="oc-33b">
         <name>.debug_info</name>
         <load_address>0x8ad6</load_address>
         <run_address>0x8ad6</run_address>
         <size>0x1fb</size>
         <input_file_ref idref="fl-10"/>
      </object_component>
      <object_component id="oc-23a">
         <name>.debug_info</name>
         <load_address>0x8cd1</load_address>
         <run_address>0x8cd1</run_address>
         <size>0x118</size>
         <input_file_ref idref="fl-31"/>
      </object_component>
      <object_component id="oc-52">
         <name>.debug_info</name>
         <load_address>0x8de9</load_address>
         <run_address>0x8de9</run_address>
         <size>0xf5</size>
         <input_file_ref idref="fl-32"/>
      </object_component>
      <object_component id="oc-2e">
         <name>.debug_info</name>
         <load_address>0x8ede</load_address>
         <run_address>0x8ede</run_address>
         <size>0x196</size>
         <input_file_ref idref="fl-33"/>
      </object_component>
      <object_component id="oc-af">
         <name>.debug_info</name>
         <load_address>0x9074</load_address>
         <run_address>0x9074</run_address>
         <size>0x170</size>
         <input_file_ref idref="fl-34"/>
      </object_component>
      <object_component id="oc-7">
         <name>.debug_info</name>
         <load_address>0x91e4</load_address>
         <run_address>0x91e4</run_address>
         <size>0x245</size>
         <input_file_ref idref="fl-34"/>
      </object_component>
      <object_component id="oc-56">
         <name>.debug_info</name>
         <load_address>0x9429</load_address>
         <run_address>0x9429</run_address>
         <size>0x60</size>
         <input_file_ref idref="fl-34"/>
      </object_component>
      <object_component id="oc-aa">
         <name>.debug_info</name>
         <load_address>0x9489</load_address>
         <run_address>0x9489</run_address>
         <size>0x46</size>
         <input_file_ref idref="fl-34"/>
      </object_component>
      <object_component id="oc-6c">
         <name>.debug_info</name>
         <load_address>0x94cf</load_address>
         <run_address>0x94cf</run_address>
         <size>0x1c6</size>
         <input_file_ref idref="fl-35"/>
      </object_component>
      <object_component id="oc-a">
         <name>.debug_info</name>
         <load_address>0x9695</load_address>
         <run_address>0x9695</run_address>
         <size>0x1c8</size>
         <input_file_ref idref="fl-35"/>
      </object_component>
      <object_component id="oc-67">
         <name>.debug_info</name>
         <load_address>0x985d</load_address>
         <run_address>0x985d</run_address>
         <size>0x46</size>
         <input_file_ref idref="fl-35"/>
      </object_component>
      <object_component id="oc-b9">
         <name>.debug_info</name>
         <load_address>0x98a3</load_address>
         <run_address>0x98a3</run_address>
         <size>0x2c</size>
         <input_file_ref idref="fl-35"/>
      </object_component>
      <object_component id="oc-73">
         <name>.debug_info</name>
         <load_address>0x98cf</load_address>
         <run_address>0x98cf</run_address>
         <size>0x174</size>
         <input_file_ref idref="fl-36"/>
      </object_component>
      <object_component id="oc-10">
         <name>.debug_info</name>
         <load_address>0x9a43</load_address>
         <run_address>0x9a43</run_address>
         <size>0x1ba</size>
         <input_file_ref idref="fl-36"/>
      </object_component>
      <object_component id="oc-6e">
         <name>.debug_info</name>
         <load_address>0x9bfd</load_address>
         <run_address>0x9bfd</run_address>
         <size>0x46</size>
         <input_file_ref idref="fl-36"/>
      </object_component>
      <object_component id="oc-13c">
         <name>.debug_info</name>
         <load_address>0x9c43</load_address>
         <run_address>0x9c43</run_address>
         <size>0x119</size>
         <input_file_ref idref="fl-37"/>
      </object_component>
      <object_component id="oc-28e">
         <name>.debug_info</name>
         <load_address>0x9d5c</load_address>
         <run_address>0x9d5c</run_address>
         <size>0x11b</size>
         <input_file_ref idref="fl-38"/>
      </object_component>
      <object_component id="oc-9d">
         <name>.debug_info</name>
         <load_address>0x9e77</load_address>
         <run_address>0x9e77</run_address>
         <size>0x117</size>
         <input_file_ref idref="fl-39"/>
      </object_component>
      <object_component id="oc-367">
         <name>.debug_info</name>
         <load_address>0x9f8e</load_address>
         <run_address>0x9f8e</run_address>
         <size>0x118</size>
         <input_file_ref idref="fl-3c"/>
      </object_component>
      <object_component id="oc-209">
         <name>.debug_info</name>
         <load_address>0xa0a6</load_address>
         <run_address>0xa0a6</run_address>
         <size>0x11e</size>
         <input_file_ref idref="fl-3c"/>
      </object_component>
      <object_component id="oc-213">
         <name>.debug_info</name>
         <load_address>0xa1c4</load_address>
         <run_address>0xa1c4</run_address>
         <size>0x11e</size>
         <input_file_ref idref="fl-3e"/>
      </object_component>
      <object_component id="oc-b1">
         <name>.debug_info</name>
         <load_address>0xa2e2</load_address>
         <run_address>0xa2e2</run_address>
         <size>0x17c</size>
         <input_file_ref idref="fl-3f"/>
      </object_component>
      <object_component id="oc-62">
         <name>.debug_info</name>
         <load_address>0xa45e</load_address>
         <run_address>0xa45e</run_address>
         <size>0x191</size>
         <input_file_ref idref="fl-3f"/>
      </object_component>
      <object_component id="oc-b2">
         <name>.debug_info</name>
         <load_address>0xa5ef</load_address>
         <run_address>0xa5ef</run_address>
         <size>0x2c</size>
         <input_file_ref idref="fl-3f"/>
      </object_component>
      <object_component id="oc-260">
         <name>.debug_info</name>
         <load_address>0xa61b</load_address>
         <run_address>0xa61b</run_address>
         <size>0x16c</size>
         <input_file_ref idref="fl-40"/>
      </object_component>
      <object_component id="oc-1a4">
         <name>.debug_info</name>
         <load_address>0xa787</load_address>
         <run_address>0xa787</run_address>
         <size>0x25a</size>
         <input_file_ref idref="fl-40"/>
      </object_component>
      <object_component id="oc-162">
         <name>.debug_info</name>
         <load_address>0xa9e1</load_address>
         <run_address>0xa9e1</run_address>
         <size>0x128</size>
         <input_file_ref idref="fl-44"/>
      </object_component>
      <object_component id="oc-289">
         <name>.debug_info</name>
         <load_address>0xab09</load_address>
         <run_address>0xab09</run_address>
         <size>0x128</size>
         <input_file_ref idref="fl-47"/>
      </object_component>
      <object_component id="oc-75">
         <name>.debug_info</name>
         <load_address>0xac31</load_address>
         <run_address>0xac31</run_address>
         <size>0x148</size>
         <input_file_ref idref="fl-49"/>
      </object_component>
      <object_component id="oc-d3">
         <name>.debug_info</name>
         <load_address>0xad79</load_address>
         <run_address>0xad79</run_address>
         <size>0x3f5</size>
         <input_file_ref idref="fl-4c"/>
      </object_component>
      <object_component id="oc-7b">
         <name>.debug_info</name>
         <load_address>0xb16e</load_address>
         <run_address>0xb16e</run_address>
         <size>0x21e</size>
         <input_file_ref idref="fl-4c"/>
      </object_component>
      <object_component id="oc-16b">
         <name>.debug_info</name>
         <load_address>0xb38c</load_address>
         <run_address>0xb38c</run_address>
         <size>0x39</size>
         <input_file_ref idref="fl-4c"/>
      </object_component>
      <object_component id="oc-ce">
         <name>.debug_info</name>
         <load_address>0xb3c5</load_address>
         <run_address>0xb3c5</run_address>
         <size>0x2c</size>
         <input_file_ref idref="fl-4c"/>
      </object_component>
      <object_component id="oc-170">
         <name>.debug_info</name>
         <load_address>0xb3f1</load_address>
         <run_address>0xb3f1</run_address>
         <size>0xcd</size>
         <input_file_ref idref="fl-4c"/>
      </object_component>
      <object_component id="oc-167">
         <name>.debug_info</name>
         <load_address>0xb4be</load_address>
         <run_address>0xb4be</run_address>
         <size>0x266</size>
         <input_file_ref idref="fl-4d"/>
      </object_component>
      <object_component id="oc-c3">
         <name>.debug_info</name>
         <load_address>0xb724</load_address>
         <run_address>0xb724</run_address>
         <size>0x1b0</size>
         <input_file_ref idref="fl-4d"/>
      </object_component>
      <object_component id="oc-24e">
         <name>.debug_info</name>
         <load_address>0xb8d4</load_address>
         <run_address>0xb8d4</run_address>
         <size>0x2c</size>
         <input_file_ref idref="fl-4d"/>
      </object_component>
      <object_component id="oc-c8">
         <name>.debug_info</name>
         <load_address>0xb900</load_address>
         <run_address>0xb900</run_address>
         <size>0x145</size>
         <input_file_ref idref="fl-4e"/>
      </object_component>
      <object_component id="oc-39b">
         <name>.debug_info</name>
         <load_address>0xba45</load_address>
         <run_address>0xba45</run_address>
         <size>0x92</size>
      </object_component>
      <object_component id="oc-2f1">
         <name>.debug_line</name>
         <load_address>0x0</load_address>
         <run_address>0x0</run_address>
         <size>0x55</size>
         <input_file_ref idref="fl-2"/>
      </object_component>
      <object_component id="oc-1d1">
         <name>.debug_line</name>
         <load_address>0x55</load_address>
         <run_address>0x55</run_address>
         <size>0x32</size>
         <input_file_ref idref="fl-2"/>
      </object_component>
      <object_component id="oc-5e">
         <name>.debug_line</name>
         <load_address>0x87</load_address>
         <run_address>0x87</run_address>
         <size>0x20</size>
         <input_file_ref idref="fl-2"/>
      </object_component>
      <object_component id="oc-1d6">
         <name>.debug_line</name>
         <load_address>0xa7</load_address>
         <run_address>0xa7</run_address>
         <size>0x55</size>
         <input_file_ref idref="fl-2"/>
      </object_component>
      <object_component id="oc-150">
         <name>.debug_line</name>
         <load_address>0xfc</load_address>
         <run_address>0xfc</run_address>
         <size>0x68</size>
         <input_file_ref idref="fl-2"/>
      </object_component>
      <object_component id="oc-1da">
         <name>.debug_line</name>
         <load_address>0x164</load_address>
         <run_address>0x164</run_address>
         <size>0xb5</size>
         <input_file_ref idref="fl-7"/>
      </object_component>
      <object_component id="oc-105">
         <name>.debug_line</name>
         <load_address>0x219</load_address>
         <run_address>0x219</run_address>
         <size>0x61</size>
         <input_file_ref idref="fl-7"/>
      </object_component>
      <object_component id="oc-1b9">
         <name>.debug_line</name>
         <load_address>0x27a</load_address>
         <run_address>0x27a</run_address>
         <size>0x67</size>
         <input_file_ref idref="fl-7"/>
      </object_component>
      <object_component id="oc-1c0">
         <name>.debug_line</name>
         <load_address>0x2e1</load_address>
         <run_address>0x2e1</run_address>
         <size>0x67</size>
         <input_file_ref idref="fl-7"/>
      </object_component>
      <object_component id="oc-25c">
         <name>.debug_line</name>
         <load_address>0x348</load_address>
         <run_address>0x348</run_address>
         <size>0xb7</size>
         <input_file_ref idref="fl-8"/>
      </object_component>
      <object_component id="oc-25e">
         <name>.debug_line</name>
         <load_address>0x3ff</load_address>
         <run_address>0x3ff</run_address>
         <size>0x36</size>
         <input_file_ref idref="fl-8"/>
      </object_component>
      <object_component id="oc-259">
         <name>.debug_line</name>
         <load_address>0x435</load_address>
         <run_address>0x435</run_address>
         <size>0x36</size>
         <input_file_ref idref="fl-8"/>
      </object_component>
      <object_component id="oc-2ef">
         <name>.debug_line</name>
         <load_address>0x46b</load_address>
         <run_address>0x46b</run_address>
         <size>0x36</size>
         <input_file_ref idref="fl-8"/>
      </object_component>
      <object_component id="oc-ed">
         <name>.debug_line</name>
         <load_address>0x4a1</load_address>
         <run_address>0x4a1</run_address>
         <size>0x61</size>
         <input_file_ref idref="fl-8"/>
      </object_component>
      <object_component id="oc-f3">
         <name>.debug_line</name>
         <load_address>0x502</load_address>
         <run_address>0x502</run_address>
         <size>0x52</size>
         <input_file_ref idref="fl-8"/>
      </object_component>
      <object_component id="oc-f9">
         <name>.debug_line</name>
         <load_address>0x554</load_address>
         <run_address>0x554</run_address>
         <size>0x68</size>
         <input_file_ref idref="fl-8"/>
      </object_component>
      <object_component id="oc-194">
         <name>.debug_line</name>
         <load_address>0x5bc</load_address>
         <run_address>0x5bc</run_address>
         <size>0x60</size>
         <input_file_ref idref="fl-8"/>
      </object_component>
      <object_component id="oc-1af">
         <name>.debug_line</name>
         <load_address>0x61c</load_address>
         <run_address>0x61c</run_address>
         <size>0x78</size>
         <input_file_ref idref="fl-8"/>
      </object_component>
      <object_component id="oc-1a9">
         <name>.debug_line</name>
         <load_address>0x694</load_address>
         <run_address>0x694</run_address>
         <size>0x66</size>
         <input_file_ref idref="fl-8"/>
      </object_component>
      <object_component id="oc-fb">
         <name>.debug_line</name>
         <load_address>0x6fa</load_address>
         <run_address>0x6fa</run_address>
         <size>0x5e</size>
         <input_file_ref idref="fl-8"/>
      </object_component>
      <object_component id="oc-141">
         <name>.debug_line</name>
         <load_address>0x758</load_address>
         <run_address>0x758</run_address>
         <size>0x62</size>
         <input_file_ref idref="fl-8"/>
      </object_component>
      <object_component id="oc-371">
         <name>.debug_line</name>
         <load_address>0x7ba</load_address>
         <run_address>0x7ba</run_address>
         <size>0xa1</size>
         <input_file_ref idref="fl-b"/>
      </object_component>
      <object_component id="oc-2f7">
         <name>.debug_line</name>
         <load_address>0x85b</load_address>
         <run_address>0x85b</run_address>
         <size>0x56</size>
         <input_file_ref idref="fl-b"/>
      </object_component>
      <object_component id="oc-30a">
         <name>.debug_line</name>
         <load_address>0x8b1</load_address>
         <run_address>0x8b1</run_address>
         <size>0x4c</size>
         <input_file_ref idref="fl-b"/>
      </object_component>
      <object_component id="oc-350">
         <name>.debug_line</name>
         <load_address>0x8fd</load_address>
         <run_address>0x8fd</run_address>
         <size>0x5e</size>
         <input_file_ref idref="fl-b"/>
      </object_component>
      <object_component id="oc-35e">
         <name>.debug_line</name>
         <load_address>0x95b</load_address>
         <run_address>0x95b</run_address>
         <size>0x59</size>
         <input_file_ref idref="fl-b"/>
      </object_component>
      <object_component id="oc-2fd">
         <name>.debug_line</name>
         <load_address>0x9b4</load_address>
         <run_address>0x9b4</run_address>
         <size>0x49</size>
         <input_file_ref idref="fl-b"/>
      </object_component>
      <object_component id="oc-35b">
         <name>.debug_line</name>
         <load_address>0x9fd</load_address>
         <run_address>0x9fd</run_address>
         <size>0x49</size>
         <input_file_ref idref="fl-b"/>
      </object_component>
      <object_component id="oc-26b">
         <name>.debug_line</name>
         <load_address>0xa46</load_address>
         <run_address>0xa46</run_address>
         <size>0x3a</size>
         <input_file_ref idref="fl-e"/>
      </object_component>
      <object_component id="oc-269">
         <name>.debug_line</name>
         <load_address>0xa80</load_address>
         <run_address>0xa80</run_address>
         <size>0x2b</size>
         <input_file_ref idref="fl-e"/>
      </object_component>
      <object_component id="oc-313">
         <name>.debug_line</name>
         <load_address>0xaab</load_address>
         <run_address>0xaab</run_address>
         <size>0x2b</size>
         <input_file_ref idref="fl-e"/>
      </object_component>
      <object_component id="oc-22d">
         <name>.debug_line</name>
         <load_address>0xad6</load_address>
         <run_address>0xad6</run_address>
         <size>0x4d</size>
         <input_file_ref idref="fl-e"/>
      </object_component>
      <object_component id="oc-2b3">
         <name>.debug_line</name>
         <load_address>0xb23</load_address>
         <run_address>0xb23</run_address>
         <size>0x4a</size>
         <input_file_ref idref="fl-e"/>
      </object_component>
      <object_component id="oc-320">
         <name>.debug_line</name>
         <load_address>0xb6d</load_address>
         <run_address>0xb6d</run_address>
         <size>0x4d</size>
         <input_file_ref idref="fl-e"/>
      </object_component>
      <object_component id="oc-319">
         <name>.debug_line</name>
         <load_address>0xbba</load_address>
         <run_address>0xbba</run_address>
         <size>0x4a</size>
         <input_file_ref idref="fl-e"/>
      </object_component>
      <object_component id="oc-204">
         <name>.debug_line</name>
         <load_address>0xc04</load_address>
         <run_address>0xc04</run_address>
         <size>0x6b</size>
         <input_file_ref idref="fl-e"/>
      </object_component>
      <object_component id="oc-2e0">
         <name>.debug_line</name>
         <load_address>0xc6f</load_address>
         <run_address>0xc6f</run_address>
         <size>0x58</size>
         <input_file_ref idref="fl-e"/>
      </object_component>
      <object_component id="oc-221">
         <name>.debug_line</name>
         <load_address>0xcc7</load_address>
         <run_address>0xcc7</run_address>
         <size>0x44</size>
         <input_file_ref idref="fl-e"/>
      </object_component>
      <object_component id="oc-21b">
         <name>.debug_line</name>
         <load_address>0xd0b</load_address>
         <run_address>0xd0b</run_address>
         <size>0x79</size>
         <input_file_ref idref="fl-e"/>
      </object_component>
      <object_component id="oc-2bb">
         <name>.debug_line</name>
         <load_address>0xd84</load_address>
         <run_address>0xd84</run_address>
         <size>0x88</size>
         <input_file_ref idref="fl-e"/>
      </object_component>
      <object_component id="oc-1fe">
         <name>.debug_line</name>
         <load_address>0xe0c</load_address>
         <run_address>0xe0c</run_address>
         <size>0x78</size>
         <input_file_ref idref="fl-e"/>
      </object_component>
      <object_component id="oc-242">
         <name>.debug_line</name>
         <load_address>0xe84</load_address>
         <run_address>0xe84</run_address>
         <size>0x92</size>
         <input_file_ref idref="fl-e"/>
      </object_component>
      <object_component id="oc-2a6">
         <name>.debug_line</name>
         <load_address>0xf16</load_address>
         <run_address>0xf16</run_address>
         <size>0x7b</size>
         <input_file_ref idref="fl-e"/>
      </object_component>
      <object_component id="oc-2ad">
         <name>.debug_line</name>
         <load_address>0xf91</load_address>
         <run_address>0xf91</run_address>
         <size>0xa4</size>
         <input_file_ref idref="fl-e"/>
      </object_component>
      <object_component id="oc-2a0">
         <name>.debug_line</name>
         <load_address>0x1035</load_address>
         <run_address>0x1035</run_address>
         <size>0x5d</size>
         <input_file_ref idref="fl-e"/>
      </object_component>
      <object_component id="oc-1f2">
         <name>.debug_line</name>
         <load_address>0x1092</load_address>
         <run_address>0x1092</run_address>
         <size>0x66</size>
         <input_file_ref idref="fl-e"/>
      </object_component>
      <object_component id="oc-29a">
         <name>.debug_line</name>
         <load_address>0x10f8</load_address>
         <run_address>0x10f8</run_address>
         <size>0xcd</size>
         <input_file_ref idref="fl-e"/>
      </object_component>
      <object_component id="oc-1ec">
         <name>.debug_line</name>
         <load_address>0x11c5</load_address>
         <run_address>0x11c5</run_address>
         <size>0x71</size>
         <input_file_ref idref="fl-e"/>
      </object_component>
      <object_component id="oc-286">
[...]
         <name>SDCard_init</name>
         <value>0x25d4</value>
         <object_component_ref idref="oc-2f6"/>
      </symbol>
      <symbol id="sm-113">
         <name>SDCard_readFrame</name>
         <value>0x2830</value>
         <object_component_ref idref="oc-34c"/>
      </symbol>
      <symbol id="sm-114">
         <name>SDCard_setCSHigh</name>
         <value>0x2b3c</value>
         <object_component_ref idref="oc-2fc"/>
      </symbol>
      <symbol id="sm-115">
         <name>SDCard_setCSLow</name>
         <value>0x2b44</value>
         <object_component_ref idref="oc-356"/>
      </symbol>
      <symbol id="sm-116">
         <name>SDCard_fastMode</name>
         <value>0x2abe</value>
         <object_component_ref idref="oc-308"/>
      </symbol>
      <symbol id="sm-306">
         <name>f_read</name>
         <value>0xb64</value>
         <object_component_ref idref="oc-12f"/>
      </symbol>
      <symbol id="sm-307">
         <name>f_sync</name>
         <value>0x1de4</value>
         <object_component_ref idref="oc-230"/>
      </symbol>
      <symbol id="sm-308">
         <name>clust2sect</name>
         <value>0x2776</value>
         <object_component_ref idref="oc-21d"/>
      </symbol>
      <symbol id="sm-309">
         <name>put_fat</name>
         <value>0x10cc</value>
         <object_component_ref idref="oc-2b7"/>
      </symbol>
      <symbol id="sm-30a">
         <name>f_write</name>
         <value>0x6ae</value>
         <object_component_ref idref="oc-146"/>
      </symbol>
      <symbol id="sm-30b">
         <name>f_close</name>
         <value>0x2a54</value>
         <object_component_ref idref="oc-135"/>
      </symbol>
      <symbol id="sm-30c">
         <name>f_open</name>
         <value>0x94e</value>
         <object_component_ref idref="oc-128"/>
      </symbol>
      <symbol id="sm-30d">
         <name>f_mount</name>
         <value>0x289e</value>
         <object_component_ref idref="oc-10c"/>
      </symbol>
      <symbol id="sm-30e">
         <name>get_fat</name>
         <value>0x1514</value>
         <object_component_ref idref="oc-217"/>
      </symbol>
      <symbol id="sm-356">
         <name>buffer</name>
         <value>0x2e96</value>
      </symbol>
      <symbol id="sm-357">
         <name>temp_buffer</name>
         <value>0x2ef6</value>
      </symbol>
      <symbol id="sm-358">
         <name>buff_size_2</name>
         <value>0x2f70</value>
         <object_component_ref idref="oc-112"/>
      </symbol>
      <symbol id="sm-359">
         <name>parseProjectionByte</name>
         <value>0x2586</value>
         <object_component_ref idref="oc-121"/>
      </symbol>
      <symbol id="sm-35a">
         <name>MAPPING_VALUES</name>
         <value>0x2f80</value>
         <object_component_ref idref="oc-1de"/>
      </symbol>
      <symbol id="sm-35b">
         <name>BITx</name>
         <value>0x2f8e</value>
         <object_component_ref idref="oc-1db"/>
      </symbol>
      <symbol id="sm-35c">
         <name>num_y_cont</name>
         <value>0x2f74</value>
         <object_component_ref idref="oc-112"/>
      </symbol>
      <symbol id="sm-35d">
         <name>num_y</name>
         <value>0x2f76</value>
         <object_component_ref idref="oc-112"/>
      </symbol>
      <symbol id="sm-35e">
         <name>main</name>
         <value>0xd58</value>
         <object_component_ref idref="oc-94"/>
      </symbol>
      <symbol id="sm-35f">
         <name>index</name>
         <value>0x2f7a</value>
         <object_component_ref idref="oc-112"/>
      </symbol>
      <symbol id="sm-360">
         <name>Cma3000_readAccel_y</name>
         <value>0x29c2</value>
         <object_component_ref idref="oc-118"/>
      </symbol>
      <symbol id="sm-361">
         <name>passed</name>
         <value>0x2f78</value>
         <object_component_ref idref="oc-112"/>
      </symbol>
      <symbol id="sm-362">
         <name>write</name>
         <value>0x2f7e</value>
         <object_component_ref idref="oc-112"/>
      </symbol>
      <symbol id="sm-363">
         <name>full_loop</name>
         <value>0x2f7c</value>
         <object_component_ref idref="oc-112"/>
      </symbol>
      <symbol id="sm-364">
         <name>buff_size</name>
         <value>0x2f72</value>
         <object_component_ref idref="oc-112"/>
      </symbol>
      <symbol id="sm-365">
         <name>SetupButtons</name>
         <value>0x2a28</value>
         <object_component_ref idref="oc-106"/>
      </symbol>
      <symbol id="sm-426">
         <name>get_fattime</name>
         <value>0x2b28</value>
         <object_component_ref idref="oc-1f4"/>
      </symbol>
      <symbol id="sm-427">
         <name>disk_status</name>
         <value>0x29a2</value>
         <object_component_ref idref="oc-276"/>
      </symbol>
      <symbol id="sm-428">
         <name>INS</name>
         <value>0x2f9a</value>
         <object_component_ref idref="oc-2f2"/>
      </symbol>
      <symbol id="sm-429">
         <name>disk_read</name>
         <value>0x1fbe</value>
         <object_component_ref idref="oc-223"/>
      </symbol>
      <symbol id="sm-42a">
         <name>disk_initialize</name>
         <value>0x13d0</value>
         <object_component_ref idref="oc-27c"/>
      </symbol>
      <symbol id="sm-42b">
         <name>disk_ioctl</name>
         <value>0x1872</value>
         <object_component_ref idref="oc-33a"/>
      </symbol>
      <symbol id="sm-42c">
         <name>disk_write</name>
         <value>0x1b10</value>
         <object_component_ref idref="oc-244"/>
      </symbol>
      <symbol id="sm-437">
         <name>__mspabi_srai</name>
         <value>0x2b32</value>
         <object_component_ref idref="oc-238"/>
      </symbol>
      <symbol id="sm-43f">
         <name>_stack</name>
         <value>0x2fbc</value>
         <object_component_ref idref="oc-51"/>
      </symbol>
      <symbol id="sm-440">
         <name>_reset_vector</name>
         <value>0xfffe</value>
         <object_component_ref idref="oc-54"/>
      </symbol>
      <symbol id="sm-44a">
         <name>_c_int00_noargs_noexit</name>
         <value>0x29de</value>
         <object_component_ref idref="oc-2d"/>
      </symbol>
      <symbol id="sm-468">
         <name>__TI_decompress_lzss</name>
         <value>0x22e6</value>
         <object_component_ref idref="oc-3"/>
      </symbol>
      <symbol id="sm-47e">
         <name>__TI_decompress_none</name>
         <value>0x2ad0</value>
         <object_component_ref idref="oc-9"/>
      </symbol>
      <symbol id="sm-491">
         <name>__TI_zero_init</name>
         <value>0x295a</value>
         <object_component_ref idref="oc-f"/>
      </symbol>
      <symbol id="sm-49b">
         <name>__mspabi_remu</name>
         <value>0x2a80</value>
         <object_component_ref idref="oc-13b"/>
      </symbol>
      <symbol id="sm-49c">
         <name>__mspabi_divu</name>
         <value>0x2a80</value>
         <object_component_ref idref="oc-13b"/>
      </symbol>
      <symbol id="sm-4aa">
         <name>__mspabi_remul</name>
         <value>0x2484</value>
         <object_component_ref idref="oc-28d"/>
      </symbol>
      <symbol id="sm-4ab">
         <name>__mspabi_divul</name>
         <value>0x2484</value>
         <object_component_ref idref="oc-28d"/>
      </symbol>
      <symbol id="sm-4b5">
         <name>C$$EXIT</name>
         <value>0x2b4c</value>
         <object_component_ref idref="oc-9c"/>
      </symbol>
      <symbol id="sm-4b6">
         <name>abort</name>
         <value>0x2b4c</value>
         <object_component_ref idref="oc-9c"/>
      </symbol>
      <symbol id="sm-4c8">
         <name>__mspabi_slll_9</name>
         <value>0x27cc</value>
         <object_component_ref idref="oc-206"/>
      </symbol>
      <symbol id="sm-4c9">
         <name>__mspabi_slll_8</name>
         <value>0x27d0</value>
         <object_component_ref idref="oc-206"/>
      </symbol>
      <symbol id="sm-4ca">
         <name>__mspabi_slll_7</name>
         <value>0x27d4</value>
         <object_component_ref idref="oc-206"/>
      </symbol>
      <symbol id="sm-4cb">
         <name>__mspabi_slll_6</name>
         <value>0x27d8</value>
         <object_component_ref idref="oc-206"/>
      </symbol>
      <symbol id="sm-4cc">
         <name>__mspabi_slll_5</name>
         <value>0x27dc</value>
         <object_component_ref idref="oc-206"/>
      </symbol>
      <symbol id="sm-4cd">
         <name>__mspabi_slll_4</name>
         <value>0x27e0</value>
         <object_component_ref idref="oc-206"/>
      </symbol>
      <symbol id="sm-4ce">
         <name>__mspabi_slll_3</name>
         <value>0x27e4</value>
         <object_component_ref idref="oc-206"/>
      </symbol>
      <symbol id="sm-4cf">
         <name>__mspabi_slll_2</name>
         <value>0x27e8</value>
         <object_component_ref idref="oc-206"/>
      </symbol>
      <symbol id="sm-4d0">
         <name>__mspabi_slll_1</name>
         <value>0x27ec</value>
         <object_component_ref idref="oc-206"/>
      </symbol>
      <symbol id="sm-4d1">
         <name>__mspabi_slll</name>
         <value>0x2b18</value>
         <object_component_ref idref="oc-364"/>
      </symbol>
      <symbol id="sm-4d2">
         <name>__mspabi_slll_15</name>
         <value>0x27b4</value>
         <object_component_ref idref="oc-206"/>
      </symbol>
      <symbol id="sm-4d3">
         <name>__mspabi_slll_14</name>
         <value>0x27b8</value>
         <object_component_ref idref="oc-206"/>
      </symbol>
      <symbol id="sm-4d4">
         <name>__mspabi_slll_13</name>
         <value>0x27bc</value>
         <object_component_ref idref="oc-206"/>
      </symbol>
      <symbol id="sm-4d5">
         <name>__mspabi_slll_12</name>
         <value>0x27c0</value>
         <object_component_ref idref="oc-206"/>
      </symbol>
      <symbol id="sm-4d6">
         <name>__mspabi_slll_11</name>
         <value>0x27c4</value>
         <object_component_ref idref="oc-206"/>
      </symbol>
      <symbol id="sm-4d7">
         <name>__mspabi_slll_10</name>
         <value>0x27c8</value>
         <object_component_ref idref="oc-206"/>
      </symbol>
      <symbol id="sm-4e0">
         <name>__mspabi_srll_8</name>
         <value>0x280e</value>
         <object_component_ref idref="oc-212"/>
      </symbol>
      <symbol id="sm-4e1">
         <name>__mspabi_srll_9</name>
         <value>0x280a</value>
         <object_component_ref idref="oc-212"/>
      </symbol>
      <symbol id="sm-4e2">
         <name>__mspabi_srll_6</name>
         <value>0x2816</value>
         <object_component_ref idref="oc-212"/>
      </symbol>
      <symbol id="sm-4e3">
         <name>__mspabi_srll_7</name>
         <value>0x2812</value>
         <object_component_ref idref="oc-212"/>
      </symbol>
      <symbol id="sm-4e4">
         <name>__mspabi_srll_4</name>
         <value>0x281e</value>
         <object_component_ref idref="oc-212"/>
      </symbol>
      <symbol id="sm-4e5">
         <name>__mspabi_srll_5</name>
         <value>0x281a</value>
         <object_component_ref idref="oc-212"/>
      </symbol>
      <symbol id="sm-4e6">
         <name>__mspabi_srll_2</name>
         <value>0x2826</value>
         <object_component_ref idref="oc-212"/>
      </symbol>
      <symbol id="sm-4e7">
         <name>__mspabi_srll_3</name>
         <value>0x2822</value>
         <object_component_ref idref="oc-212"/>
      </symbol>
      <symbol id="sm-4e8">
         <name>__mspabi_srll_1</name>
         <value>0x282a</value>
         <object_component_ref idref="oc-212"/>
      </symbol>
      <symbol id="sm-4e9">
         <name>__mspabi_srll_15</name>
         <value>0x27f2</value>
         <object_component_ref idref="oc-212"/>
      </symbol>
      <symbol id="sm-4ea">
         <name>__mspabi_srll_14</name>
         <value>0x27f6</value>
         <object_component_ref idref="oc-212"/>
      </symbol>
      <symbol id="sm-4eb">
         <name>__mspabi_srll_13</name>
         <value>0x27fa</value>
         <object_component_ref idref="oc-212"/>
      </symbol>
      <symbol id="sm-4ec">
         <name>__mspabi_srll_12</name>
         <value>0x27fe</value>
         <object_component_ref idref="oc-212"/>
      </symbol>
      <symbol id="sm-4ed">
         <name>__mspabi_srll_11</name>
         <value>0x2802</value>
         <object_component_ref idref="oc-212"/>
      </symbol>
      <symbol id="sm-4ee">
         <name>__mspabi_srll_10</name>
         <value>0x2806</value>
         <object_component_ref idref="oc-212"/>
      </symbol>
      <symbol id="sm-501">
         <name>memcpy</name>
         <value>0x2aaa</value>
         <object_component_ref idref="oc-60"/>
      </symbol>
      <symbol id="sm-50f">
         <name>memset</name>
         <value>0x2a6a</value>
         <object_component_ref idref="oc-1a2"/>
      </symbol>
      <symbol id="sm-51a">
         <name>__mspabi_mpyi_f5hw</name>
         <value>0x29f8</value>
         <object_component_ref idref="oc-161"/>
      </symbol>
      <symbol id="sm-524">
         <name>__mspabi_mpyl_f5hw</name>
         <value>0x297e</value>
         <object_component_ref idref="oc-288"/>
      </symbol>
      <symbol id="sm-52e">
         <name>_system_pre_init</name>
         <value>0x2b5e</value>
         <object_component_ref idref="oc-74"/>
      </symbol>
      <symbol id="sm-552">
         <name>_auto_init_hold_wdt</name>
         <value>0x21ec</value>
         <object_component_ref idref="oc-7a"/>
      </symbol>
      <symbol id="sm-568">
         <name>copy_in</name>
         <value>0x23c4</value>
         <object_component_ref idref="oc-c1"/>
      </symbol>
      <symbol id="sm-571">
         <name>_system_post_cinit</name>
         <value>0x2b62</value>
         <object_component_ref idref="oc-c7"/>
      </symbol>
      <symbol id="sm-573">
         <name>PBOUT_L</name>
         <value>0x0</value>
      </symbol>
      <symbol id="sm-574">
         <name>PBDIR_L</name>
         <value>0x0</value>
      </symbol>
      <symbol id="sm-575">
         <name>PBSEL_L</name>
         <value>0x0</value>
      </symbol>
      <symbol id="sm-576">
         <name>PASEL_H</name>
         <value>0x0</value>
      </symbol>
      <symbol id="sm-577">
         <name>PADIR_H</name>
         <value>0x0</value>
      </symbol>
      <symbol id="sm-578">
         <name>PAIES_H</name>
         <value>0x0</value>
      </symbol>
      <symbol id="sm-579">
         <name>PAIFG_H</name>
         <value>0x0</value>
      </symbol>
      <symbol id="sm-57a">
         <name>UCA0CTLW0_L</name>
         <value>0x0</value>
      </symbol>
      <symbol id="sm-57b">
         <name>UCA0CTLW0_H</name>
         <value>0x0</value>
      </symbol>
      <symbol id="sm-57c">
         <name>UCA0BRW_L</name>
         <value>0x0</value>
      </symbol>
      <symbol id="sm-57d">
         <name>UCA0BRW_H</name>
         <value>0x0</value>
      </symbol>
      <symbol id="sm-57e">
         <name>UCA0MCTL</name>
         <value>0x0</value>
      </symbol>
      <symbol id="sm-57f">
         <name>PAIE_H</name>
         <value>0x0</value>
      </symbol>
      <symbol id="sm-580">
         <name>PAIN_H</name>
         <value>0x0</value>
      </symbol>
      <symbol id="sm-581">
         <name>UCA0RXBUF</name>
         <value>0x0</value>
      </symbol>
      <symbol id="sm-582">
         <name>UCA0ICTL_H</name>
         <value>0x0</value>
      </symbol>
      <symbol id="sm-583">
         <name>UCA0TXBUF</name>
         <value>0x0</value>
      </symbol>
      <symbol id="sm-584">
         <name>UCA0STAT</name>
         <value>0x0</value>
      </symbol>
      <symbol id="sm-585">
         <name>PCDIR_L</name>
         <value>0x0</value>
      </symbol>
      <symbol id="sm-586">
         <name>PCOUT_L</name>
         <value>0x0</value>
      </symbol>
      <symbol id="sm-587">
         <name>PDDIR_L</name>
         <value>0x0</value>
      </symbol>
      <symbol id="sm-588">
         <name>PDOUT_L</name>
         <value>0x0</value>
      </symbol>
      <symbol id="sm-589">
         <name>PBSEL_H</name>
         <value>0x0</value>
      </symbol>
      <symbol id="sm-58a">
         <name>PBDIR_H</name>
         <value>0x0</value>
      </symbol>
      <symbol id="sm-58b">
         <name>UCB1CTLW0_L</name>
         <value>0x0</value>
      </symbol>
      <symbol id="sm-58c">
         <name>UCB1CTLW0_H</name>
         <value>0x0</value>
      </symbol>
      <symbol id="sm-58d">
         <name>UCB1BRW_L</name>
         <value>0x0</value>
      </symbol>
      <symbol id="sm-58e">
         <name>UCB1BRW_H</name>
         <value>0x0</value>
      </symbol>
      <symbol id="sm-58f">
         <name>UCB1ICTL_H</name>
         <value>0x0</value>
      </symbol>
      <symbol id="sm-590">
         <name>PDSEL_L</name>
         <value>0x0</value>
      </symbol>
      <symbol id="sm-591">
         <name>TB0CCTL4</name>
         <value>0x0</value>
      </symbol>
      <symbol id="sm-592">
         <name>TB0CCR0</name>
         <value>0x0</value>
      </symbol>
      <symbol id="sm-593">
         <name>TB0CCR4</name>
         <value>0x0</value>
      </symbol>
      <symbol id="sm-594">
         <name>TB0CTL</name>
         <value>0x0</value>
      </symbol>
      <symbol id="sm-595">
         <name>UCB1TXBUF</name>
         <value>0x0</value>
      </symbol>
      <symbol id="sm-596">
         <name>UCB1STAT</name>
         <value>0x0</value>
      </symbol>
      <symbol id="sm-597">
         <name>UCB1RXBUF</name>
         <value>0x0</value>
      </symbol>
      <symbol id="sm-598">
         <name>PBREN_H</name>
         <value>0x0</value>
      </symbol>
      <symbol id="sm-599">
         <name>PBOUT_H</name>
         <value>0x0</value>
      </symbol>
      <symbol id="sm-59a">
         <name>PAREN_H</name>
         <value>0x0</value>
      </symbol>
      <symbol id="sm-59b">
         <name>PAOUT_H</name>
         <value>0x0</value>
      </symbol>
      <symbol id="sm-59c">
         <name>PAREN_L</name>
         <value>0x0</value>
      </symbol>
      <symbol id="sm-59d">
         <name>PAOUT_L</name>
         <value>0x0</value>
      </symbol>
      <symbol id="sm-59e">
         <name>WDTCTL</name>
         <value>0x0</value>
      </symbol>
      <symbol id="sm-59f">
         <name>TA2CCTL0</name>
         <value>0x0</value>
      </symbol>
      <symbol id="sm-5a0">
         <name>TA2CCR0</name>
         <value>0x0</value>
      </symbol>
      <symbol id="sm-5a1">
         <name>TA2CTL</name>
         <value>0x0</value>
      </symbol>
      <symbol id="sm-5a2">
         <name>TA1CTL</name>
         <value>0x0</value>
      </symbol>
      <symbol id="sm-5a3">
         <name>f_mkfs</name>
         <value>0x0</value>
      </symbol>
      <symbol id="sm-5a4">
         <name>DMACTL0</name>
         <value>0x0</value>
      </symbol>
      <symbol id="sm-5a5">
         <name>DMA0CTL</name>
         <value>0x0</value>
      </symbol>
      <symbol id="sm-5a6">
         <name>DMA0SZ</name>
         <value>0x0</value>
      </symbol>
      <symbol id="sm-5a7">
         <name>DMA0SA</name>
         <value>0x0</value>
      </symbol>
      <symbol id="sm-5a8">
         <name>DMA0DA</name>
         <value>0x0</value>
      </symbol>
      <symbol id="sm-5a9">
         <name>PAIN_L</name>
         <value>0x0</value>
      </symbol>
      <symbol id="sm-5aa">
         <name>__TI_BINIT_Base</name>
         <value>0x0</value>
      </symbol>
      <symbol id="sm-5ab">
         <name>__TI_BINIT_Limit</name>
         <value>0x0</value>
      </symbol>
      <symbol id="sm-5ac">
         <name>__TI_INITARRAY_Base</name>
         <value>0x0</value>
      </symbol>
      <symbol id="sm-5ad">
         <name>__TI_INITARRAY_Limit</name>
         <value>0x0</value>
      </symbol>
   </symbol_table>
   <title>Link errors: red sections failed placement</title>
</link_info>
