******************************************************************************
                  MSP430 Linker PC v16.9.4                     
******************************************************************************
>> Linked Wed Nov 20 15:09:33 2024

OUTPUT FILE NAME:   <laba6.out>
ENTRY POINT SYMBOL: "_c_int00_noargs_noexit"  address: 000029de


MEMORY CONFIGURATION

         name            origin    length      used     unused   attr    fill
----------------------  --------  ---------  --------  --------  ----  --------
  MEM                   00000200   0000fdfd  00002ebc  0000cf41  RWIX
  RESET                 0000fffe   0000ffff  00000002  0000fffd  RWIX


SECTION ALLOCATION MAP

 output                                  attributes/
section   page    origin      length       input sections
--------  ----  ----------  ----------   ----------------
.text      0    00000200    00002964     
                  00000200    000004ae     ff.obj (.text:chk_mounted)
                  000006ae    000002a0     ff.obj (.text:f_write)
                  0000094e    00000216     ff.obj (.text:f_open)
                  00000b64    000001f4     ff.obj (.text:f_read)
                  00000d58    000001de     main.obj (.text:main)
                  00000f36    00000196     ff.obj (.text:create_name)
                  000010cc    00000186     ff.obj (.text:put_fat)
                  00001252    0000017e     ff.obj (.text:dir_next)
                  000013d0    00000144     mmc.obj (.text:disk_initialize)
                  00001514    0000013e     ff.obj (.text:get_fat)
                  00001652    00000120     ff.obj (.text:create_chain)
                  00001772    00000100     ff.obj (.text:dir_sdi)
                  00001872    000000f4     mmc.obj (.text:disk_ioctl)
                  00001966    000000ec     ff.obj (.text:sync)
                  00001a52    000000be     ff.obj (.text:move_window)
                  00001b10    000000bc     mmc.obj (.text:disk_write)
                  00001bcc    000000ba     mmc.obj (.text:send_cmd)
                  00001c86    000000b4     ff.obj (.text:follow_path)
                  00001d3a    000000aa     HAL_Dogs102x6.obj (.text:Dogs102x6_writeData)
                  00001de4    000000a4     ff.obj (.text:f_sync)
                  00001e88    0000009c     ff.obj (.text:remove_chain)
                  00001f24    0000009a     HAL_Cma3000.obj (.text:Cma3000_init)
                  00001fbe    00000094     mmc.obj (.text:disk_read)
                  00002052    00000090     ff.obj (.text:check_fs)
                  000020e2    00000086     HAL_Dogs102x6.obj (.text:Dogs102x6_pixelDraw)
                  00002168    00000084     ff.obj (.text:dir_register)
                  000021ec    00000082     rts430x_lc_rd_eabi.lib : autoinit_wdt.obj (.text:_auto_init_hold_wdt)
                  0000226e    00000078     HAL_Dogs102x6.obj (.text:Dogs102x6_init)
                  000022e6    00000078     rts430x_lc_rd_eabi.lib : copy_decompress_lzss.obj (.text:decompress:lzss:__TI_decompress_lzss)
                  0000235e    00000066     HAL_Dogs102x6.obj (.text:Dogs102x6_setAddress)
                  000023c4    00000066     rts430x_lc_rd_eabi.lib : cpy_tbl.obj (.text:copy_in)
                  0000242a    0000005a     ff.obj (.text:dir_find)
                  00002484    00000058     rts430x_lc_rd_eabi.lib : div32u.obj (.text)
                  000024dc    00000058     mmc.obj (.text:xmit_datablock)
                  00002534    00000052     mmc.obj (.text:rcvr_datablock)
                  00002586    0000004e     main.obj (.text:parseProjectionByte)
                  000025d4    0000004a     HAL_SDCard.obj (.text:SDCard_init)
                  0000261e    00000048     HAL_Cma3000.obj (.text:Cma3000_writeRegister)
                  00002666    00000048     HAL_Dogs102x6.obj (.text:Dogs102x6_setBacklight)
                  000026ae    00000046     HAL_Cma3000.obj (.text:Cma3000_readRegister)
                  000026f4    00000042     HAL_Dogs102x6.obj (.text:Dogs102x6_writeCommand)
                  00002736    00000040     HAL_Dogs102x6.obj (.text:Dogs102x6_clearScreen)
                  00002776    0000003e     ff.obj (.text:clust2sect)
                  000027b4    0000003e     rts430x_lc_rd_eabi.lib : lsl32.obj (.text:l_lsl_const)
                  000027f2    0000003e                            : lsr32.obj (.text:l_lsr_const)
                  00002830    00000038     HAL_SDCard.obj (.text:SDCard_readFrame)
                  00002868    00000036     mmc.obj (.text:wait_ready)
                  0000289e    00000032     ff.obj (.text:f_mount)
                  000028d0    00000030     HAL_Dogs102x6.obj (.text:Dogs102x6_backlightInit)
                  00002900    0000002e     HAL_SDCard.obj (.text:SDCard_sendFrame)
                  0000292e    0000002c     ff.obj (.text:validate)
                  0000295a    00000024     rts430x_lc_rd_eabi.lib : copy_zero_init.obj (.text:decompress:ZI:__TI_zero_init)
                  0000297e    00000024                            : mult32_f5hw.obj (.text)
                  000029a2    00000020     mmc.obj (.text:disk_status)
                  000029c2    0000001c     main.obj (.text:Cma3000_readAccel_y)
                  000029de    0000001a     rts430x_lc_rd_eabi.lib : boot_special.obj (.text:_isr:_c_int00_noargs_noexit)
                  000029f8    00000018                            : mult16_f5hw.obj (.text)
                  00002a10    00000018     mmc.obj (.text:select)
                  00002a28    00000016     main.obj (.text:SetupButtons)
                  00002a3e    00000016     ff.obj (.text:chk_chr)
                  00002a54    00000016     ff.obj (.text:f_close)
                  00002a6a    00000016     rts430x_lc_rd_eabi.lib : memset.obj (.text:memset)
                  00002a80    00000016                            : div16u.obj (.text)
                  00002a96    00000014     ff.obj (.text:mem_cmp)
                  00002aaa    00000014     rts430x_lc_rd_eabi.lib : memcpy.obj (.text:memcpy)
                  00002abe    00000012     HAL_SDCard.obj (.text:SDCard_fastMode)
                  00002ad0    00000012     rts430x_lc_rd_eabi.lib : copy_decompress_none.obj (.text:decompress:none:__TI_decompress_none)
                  00002ae2    00000012     mmc.obj (.text:deselect)
                  00002af4    00000012     ff.obj (.text:mem_cpy)
                  00002b06    00000012     ff.obj (.text:mem_set)
                  00002b18    00000010     rts430x_lc_rd_eabi.lib : lsl32.obj (.text:l_lsl)
                  00002b28    0000000a     mmc.obj (.text:get_fattime)
                  00002b32    0000000a     rts430x_lc_rd_eabi.lib : asr16.obj (.text)
                  00002b3c    00000008     HAL_SDCard.obj (.text:SDCard_setCSHigh)
                  00002b44    00000008     HAL_SDCard.obj (.text:SDCard_setCSLow)
                  00002b4c    00000006     rts430x_lc_rd_eabi.lib : exit.obj (.text:abort)
                  00002b52    00000006     mmc.obj (.text:rcvr_mmc)
                  00002b58    00000006     mmc.obj (.text:xmit_mmc)
                  00002b5e    00000004     rts430x_lc_rd_eabi.lib : pre_init.obj (.text:_system_pre_init)
                  00002b62    00000002                            : startup.obj (.text:_system_post_cinit)

.bss       0    00002b64    000003fc     UNINITIALIZED
                  00002b64    00000332     (.common:dogs102x6Memory)
                  00002e96    00000060     (.common:buffer)
                  00002ef6    00000060     (.common:temp_buffer)
                  00002f56    00000004     ff.obj (.bss:FatFs)
                  00002f5a    00000002     ff.obj (.bss)
                  00002f5c    00000001     mmc.obj (.bss)
                  00002f5d    00000001     (.common:Cma3000_yAccel)
                  00002f5e    00000001     (.common:RevID)
                  00002f5f    00000001     (.common:accelData)

.data      0    00002f60    0000003c     UNINITIALIZED
                  00002f60    00000010     HAL_Dogs102x6.obj (.data:Dogs102x6_initMacro)
                  00002f70    00000010     main.obj (.data)
                  00002f80    0000000e     main.obj (.data:MAPPING_VALUES)
                  00002f8e    00000007     main.obj (.data:BITx)
                  00002f95    00000005     HAL_Dogs102x6.obj (.data)
                  00002f9a    00000002     mmc.obj (.data)

.const     0    00002f9c    0000001e     
                  00002f9c    00000010     ff.obj (.const:.string)
                  00002fac    0000000c     main.obj (.const:.string)
                  00002fb8    00000002     HAL_Dogs102x6.obj (.const:.string:$P$T1$2)

.stack     0    00002fbc    000000a0     UNINITIALIZED
                  00002fbc    00000004     rts430x_lc_rd_eabi.lib : boot.obj (.stack)
                  00002fc0    0000009c     --HOLE--

.cinit     0    0000305c    00000062     
                  0000305c    0000003f     (.cinit..data.load) [load image, compression = lzss]
                  0000309b    00000001     --HOLE-- [fill = 0]
                  0000309c    0000000c     (__TI_handler_table)
                  000030a8    00000006     (.cinit..bss.load) [load image, compression = zero_init]
                  000030ae    00000010     (__TI_cinit_table)

.reset     0    0000fffe    00000002     
                  0000fffe    00000002     rts430x_lc_rd_eabi.lib : boot.obj (.reset)

.init_array 
*          0    00000200    00000000     UNINITIALIZED

MODULE SUMMARY

       Module                     code    ro data   rw data
       ------                     ----    -------   -------
    .\
       ff.obj                     6492    16        6      
       HAL_Dogs102x6.obj          776     2         839    
       mmc.obj                    1410    0         3      
       main.obj                   606     12        229    
       HAL_Cma3000.obj            296     0         3      
       HAL_SDCard.obj             210     0         0      
    +--+--------------------------+-------+---------+---------+
       Total:                     9790    30        1080   
                                                           
    C:\ti\ccsv7\tools\compiler\ti-cgt-msp430_16.9.4.LTS\lib\rts430x_lc_rd_eabi.lib
       autoinit_wdt.obj           130     0         0      
       copy_decompress_lzss.obj   120     0         0      
       cpy_tbl.obj                102     0         0      
       div32u.obj                 88      0         0      
       lsl32.obj                  78      0         0      
       lsr32.obj                  62      0         0      
       copy_zero_init.obj         36      0         0      
       mult32_f5hw.obj            36      0         0      
       boot_special.obj           26      0         0      
       mult16_f5hw.obj            24      0         0      
       div16u.obj                 22      0         0      
       memset.obj                 22      0         0      
       memcpy.obj                 20      0         0      
       copy_decompress_none.obj   18      0         0      
       asr16.obj                  10      0         0      
       exit.obj                   6       0         0      
       pre_init.obj               4       0         0      
       boot.obj                   0       2         0      
       startup.obj                2       0         0      
    +--+--------------------------+-------+---------+---------+
       Total:                     806     2         0      
                                                           
       Stack:                     0       0         160    
       Linker Generated:          0       97        0      
    +--+--------------------------+-------+---------+---------+
       Grand Total:               10596   129       1240   


LINKER GENERATED COPY TABLES

__TI_cinit_table @ 000030ae records: 2, size/record: 8, table size: 16
	.data: load addr=0000305c, load size=0000003f bytes, run addr=00002f60, run size=0000003c bytes, compression=lzss
	.bss: load addr=000030a8, load size=00000006 bytes, run addr=00002b64, run size=000003fc bytes, compression=zero_init


LINKER GENERATED HANDLER TABLE

__TI_handler_table @ 0000309c records: 3, size/record: 4, table size: 12
	index: 0, handler: __TI_decompress_lzss
	index: 1, handler: __TI_decompress_none
	index: 2, handler: __TI_zero_init


GLOBAL SYMBOLS: SORTED ALPHABETICALLY BY Name 

address   name                    
-------   ----                    
00002f8e  BITx                    
00002b4c  C$$EXIT                 
00001f24  Cma3000_init            
000029c2  Cma3000_readAccel_y     
000026ae  Cma3000_readRegister    
0000261e  Cma3000_writeRegister   
00002f5d  Cma3000_yAccel          
UNDEFED   DMA0CTL                 
UNDEFED   DMA0DA                  
UNDEFED   DMA0SA                  
UNDEFED   DMA0SZ                  
UNDEFED   DMACTL0                 
000028d0  Dogs102x6_backlightInit 
00002736  Dogs102x6_clearScreen   
0000226e  Dogs102x6_init          
00002f60  Dogs102x6_initMacro     
000020e2  Dogs102x6_pixelDraw     
0000235e  Dogs102x6_setAddress    
00002666  Dogs102x6_setBacklight  
000026f4  Dogs102x6_writeCommand  
00001d3a  Dogs102x6_writeData     
00002f9a  INS                     
00002f80  MAPPING_VALUES          
UNDEFED   PADIR_H                 
UNDEFED   PAIES_H                 
UNDEFED   PAIE_H                  
UNDEFED   PAIFG_H                 
UNDEFED   PAIN_H                  
UNDEFED   PAIN_L                  
UNDEFED   PAOUT_H                 
UNDEFED   PAOUT_L                 
UNDEFED   PAREN_H                 
UNDEFED   PAREN_L                 
UNDEFED   PASEL_H                 
UNDEFED   PBDIR_H                 
UNDEFED   PBDIR_L                 
UNDEFED   PBOUT_H                 
UNDEFED   PBOUT_L                 
UNDEFED   PBREN_H                 
UNDEFED   PBSEL_H                 
UNDEFED   PBSEL_L                 
UNDEFED   PCDIR_L                 
UNDEFED   PCOUT_L                 
UNDEFED   PDDIR_L                 
UNDEFED   PDOUT_L                 
UNDEFED   PDSEL_L                 
00002f5e  RevID                   
00002abe  SDCard_fastMode         
000025d4  SDCard_init             
00002830  SDCard_readFrame        
00002900  SDCard_sendFrame        
00002b3c  SDCard_setCSHigh        
00002b44  SDCard_setCSLow         
00002a28  SetupButtons            
UNDEFED   TA1CTL                  
UNDEFED   TA2CCR0                 
UNDEFED   TA2CCTL0                
UNDEFED   TA2CTL                  
UNDEFED   TB0CCR0                 
UNDEFED   TB0CCR4                 
UNDEFED   TB0CCTL4                
UNDEFED   TB0CTL                  
UNDEFED   UCA0BRW_H               
UNDEFED   UCA0BRW_L               
UNDEFED   UCA0CTLW0_H             
UNDEFED   UCA0CTLW0_L             
UNDEFED   UCA0ICTL_H              
UNDEFED   UCA0MCTL                
UNDEFED   UCA0RXBUF               
UNDEFED   UCA0STAT                
UNDEFED   UCA0TXBUF               
UNDEFED   UCB1BRW_H               
UNDEFED   UCB1BRW_L               
UNDEFED   UCB1CTLW0_H             
UNDEFED   UCB1CTLW0_L             
UNDEFED   UCB1ICTL_H              
UNDEFED   UCB1RXBUF               
UNDEFED   UCB1STAT                
UNDEFED   UCB1TXBUF               
UNDEFED   WDTCTL                  
0000305c  __STACK_END             
000000a0  __STACK_SIZE            
UNDEFED   __TI_BINIT_Base         
UNDEFED   __TI_BINIT_Limit        
000030ae  __TI_CINIT_Base         
000030be  __TI_CINIT_Limit        
0000309c  __TI_Handler_Table_Base 
000030a8  __TI_Handler_Table_Limit
UNDEFED   __TI_INITARRAY_Base     
UNDEFED   __TI_INITARRAY_Limit    
000022e6  __TI_decompress_lzss    
00002ad0  __TI_decompress_none    
ffffffff  __TI_pprof_out_hndl     
ffffffff  __TI_prof_data_size     
ffffffff  __TI_prof_data_start    
0000295a  __TI_zero_init          
ffffffff  __c_args__              
00002a80  __mspabi_divu           
00002484  __mspabi_divul          
000029f8  __mspabi_mpyi_f5hw      
0000297e  __mspabi_mpyl_f5hw      
00002a80  __mspabi_remu           
00002484  __mspabi_remul          
00002b18  __mspabi_slll           
000027ec  __mspabi_slll_1         
000027c8  __mspabi_slll_10        
000027c4  __mspabi_slll_11        
000027c0  __mspabi_slll_12        
000027bc  __mspabi_slll_13        
000027b8  __mspabi_slll_14        
000027b4  __mspabi_slll_15        
000027e8  __mspabi_slll_2         
000027e4  __mspabi_slll_3         
000027e0  __mspabi_slll_4         
000027dc  __mspabi_slll_5         
000027d8  __mspabi_slll_6         
000027d4  __mspabi_slll_7         
000027d0  __mspabi_slll_8         
000027cc  __mspabi_slll_9         
00002b32  __mspabi_srai           
0000282a  __mspabi_srll_1         
00002806  __mspabi_srll_10        
00002802  __mspabi_srll_11        
000027fe  __mspabi_srll_12        
000027fa  __mspabi_srll_13        
000027f6  __mspabi_srll_14        
000027f2  __mspabi_srll_15        
00002826  __mspabi_srll_2         
00002822  __mspabi_srll_3         
0000281e  __mspabi_srll_4         
0000281a  __mspabi_srll_5         
00002816  __mspabi_srll_6         
00002812  __mspabi_srll_7         
0000280e  __mspabi_srll_8         
0000280a  __mspabi_srll_9         
000021ec  _auto_init_hold_wdt     
000029de  _c_int00_noargs_noexit  
0000fffe  _reset_vector           
00002fbc  _stack                  
00002b62  _system_post_cinit      
00002b5e  _system_pre_init        
00002b4c  abort                   
00002f5f  accelData               
00002f97  backlight               
00002f72  buff_size               
00002f70  buff_size_2             
00002e96  buffer                  
00002776  clust2sect              
00002f98  contrast                
000023c4  copy_in                 
00002f96  currentColumn           
00002f95  currentPage             
000013d0  disk_initialize         
00001872  disk_ioctl              
00001fbe  disk_read               
000029a2  disk_status             
00001b10  disk_write              
00002b64  dogs102x6Memory         
00002f99  drawmode                
00002a54  f_close                 
UNDEFED   f_mkfs                  
0000289e  f_mount                 
0000094e  f_open                  
00000b64  f_read                  
00001de4  f_sync                  
000006ae  f_write                 
00002f7c  full_loop               
00001514  get_fat                 
00002b28  get_fattime             
00002f7a  index                   
00000d58  main                    
00002aaa  memcpy                  
00002a6a  memset                  
00002f76  num_y                   
00002f74  num_y_cont              
00002586  parseProjectionByte     
00002f78  passed                  
000010cc  put_fat                 
00002ef6  temp_buffer             
00002f7e  write                   


GLOBAL SYMBOLS: SORTED BY Symbol Address 

address   name                    
-------   ----                    
000000a0  __STACK_SIZE            
000006ae  f_write                 
0000094e  f_open                  
00000b64  f_read                  
00000d58  main                    
000010cc  put_fat                 
000013d0  disk_initialize         
00001514  get_fat                 
00001872  disk_ioctl              
00001b10  disk_write              
00001d3a  Dogs102x6_writeData     
00001de4  f_sync                  
00001f24  Cma3000_init            
00001fbe  disk_read               
000020e2  Dogs102x6_pixelDraw     
000021ec  _auto_init_hold_wdt     
0000226e  Dogs102x6_init          
000022e6  __TI_decompress_lzss    
0000235e  Dogs102x6_setAddress    
000023c4  copy_in                 
00002484  __mspabi_divul          
00002484  __mspabi_remul          
00002586  parseProjectionByte     
000025d4  SDCard_init             
0000261e  Cma3000_writeRegister   
00002666  Dogs102x6_setBacklight  
000026ae  Cma3000_readRegister    
000026f4  Dogs102x6_writeCommand  
00002736  Dogs102x6_clearScreen   
00002776  clust2sect              
000027b4  __mspabi_slll_15        
000027b8  __mspabi_slll_14        
000027bc  __mspabi_slll_13        
000027c0  __mspabi_slll_12        
000027c4  __mspabi_slll_11        
000027c8  __mspabi_slll_10        
000027cc  __mspabi_slll_9         
000027d0  __mspabi_slll_8         
000027d4  __mspabi_slll_7         
000027d8  __mspabi_slll_6         
000027dc  __mspabi_slll_5         
000027e0  __mspabi_slll_4         
000027e4  __mspabi_slll_3         
000027e8  __mspabi_slll_2         
000027ec  __mspabi_slll_1         
000027f2  __mspabi_srll_15        
000027f6  __mspabi_srll_14        
000027fa  __mspabi_srll_13        
000027fe  __mspabi_srll_12        
00002802  __mspabi_srll_11        
00002806  __mspabi_srll_10        
0000280a  __mspabi_srll_9         
0000280e  __mspabi_srll_8         
00002812  __mspabi_srll_7         
00002816  __mspabi_srll_6         
0000281a  __mspabi_srll_5         
0000281e  __mspabi_srll_4         
00002822  __mspabi_srll_3         
00002826  __mspabi_srll_2         
0000282a  __mspabi_srll_1         
00002830  SDCard_readFrame        
0000289e  f_mount                 
000028d0  Dogs102x6_backlightInit 
00002900  SDCard_sendFrame        
0000295a  __TI_zero_init          
0000297e  __mspabi_mpyl_f5hw      
000029a2  disk_status             
000029c2  Cma3000_readAccel_y     
000029de  _c_int00_noargs_noexit  
000029f8  __mspabi_mpyi_f5hw      
00002a28  SetupButtons            
00002a54  f_close                 
00002a6a  memset                  
00002a80  __mspabi_divu           
00002a80  __mspabi_remu           
00002aaa  memcpy                  
00002abe  SDCard_fastMode         
00002ad0  __TI_decompress_none    
00002b18  __mspabi_slll           
00002b28  get_fattime             
00002b32  __mspabi_srai           
00002b3c  SDCard_setCSHigh        
00002b44  SDCard_setCSLow         
00002b4c  C$$EXIT                 
00002b4c  abort                   
00002b5e  _system_pre_init        
00002b62  _system_post_cinit      
00002b64  dogs102x6Memory         
00002e96  buffer                  
00002ef6  temp_buffer             
00002f5d  Cma3000_yAccel          
00002f5e  RevID                   
00002f5f  accelData               
00002f60  Dogs102x6_initMacro     
00002f70  buff_size_2             
00002f72  buff_size               
00002f74  num_y_cont              
00002f76  num_y                   
00002f78  passed                  
00002f7a  index                   
00002f7c  full_loop               
00002f7e  write                   
00002f80  MAPPING_VALUES          
00002f8e  BITx                    
00002f95  currentPage             
00002f96  currentColumn           
00002f97  backlight               
00002f98  contrast                
00002f99  drawmode                
00002f9a  INS                     
00002fbc  _stack                  
0000305c  __STACK_END             
0000309c  __TI_Handler_Table_Base 
000030a8  __TI_Handler_Table_Limit
000030ae  __TI_CINIT_Base         
000030be  __TI_CINIT_Limit        
0000fffe  _reset_vector           
ffffffff  __TI_pprof_out_hndl     
ffffffff  __TI_prof_data_size     
ffffffff  __TI_prof_data_start    
ffffffff  __c_args__              
UNDEFED   DMA0CTL                 
UNDEFED   DMA0DA                  
UNDEFED   DMA0SA                  
UNDEFED   DMA0SZ                  
UNDEFED   DMACTL0                 
UNDEFED   PADIR_H                 
UNDEFED   PAIES_H                 
UNDEFED   PAIE_H                  
UNDEFED   PAIFG_H                 
UNDEFED   PAIN_H                  
UNDEFED   PAIN_L                  
UNDEFED   PAOUT_H                 
UNDEFED   PAOUT_L                 
UNDEFED   PAREN_H                 
UNDEFED   PAREN_L                 
UNDEFED   PASEL_H                 
UNDEFED   PBDIR_H                 
UNDEFED   PBDIR_L                 
UNDEFED   PBOUT_H                 
UNDEFED   PBOUT_L                 
UNDEFED   PBREN_H                 
UNDEFED   PBSEL_H                 
UNDEFED   PBSEL_L                 
UNDEFED   PCDIR_L                 
UNDEFED   PCOUT_L                 
UNDEFED   PDDIR_L                 
UNDEFED   PDOUT_L                 
UNDEFED   PDSEL_L                 
UNDEFED   TA1CTL                  
UNDEFED   TA2CCR0                 
UNDEFED   TA2CCTL0                
UNDEFED   TA2CTL                  
UNDEFED   TB0CCR0                 
UNDEFED   TB0CCR4                 
UNDEFED   TB0CCTL4                
UNDEFED   TB0CTL                  
UNDEFED   UCA0BRW_H               
UNDEFED   UCA0BRW_L               
UNDEFED   UCA0CTLW0_H             
UNDEFED   UCA0CTLW0_L             
UNDEFED   UCA0ICTL_H              
UNDEFED   UCA0MCTL                
UNDEFED   UCA0RXBUF               
UNDEFED   UCA0STAT                
UNDEFED   UCA0TXBUF               
UNDEFED   UCB1BRW_H               
UNDEFED   UCB1BRW_L               
UNDEFED   UCB1CTLW0_H             
UNDEFED   UCB1CTLW0_L             
UNDEFED   UCB1ICTL_H              
UNDEFED   UCB1RXBUF               
UNDEFED   UCB1STAT                
UNDEFED   UCB1TXBUF               
UNDEFED   WDTCTL                  
UNDEFED   __TI_BINIT_Base         
UNDEFED   __TI_BINIT_Limit        
UNDEFED   __TI_INITARRAY_Base     
UNDEFED   __TI_INITARRAY_Limit    
UNDEFED   f_mkfs                  

[180 symbols]
