--------------------------------------------------------------------------------------
Timing Analyzer Summary
--------------------------------------------------------------------------------------

Type           : Worst-case tco
Slack          : N/A
Required Time  : None
Actual Time    : 14.633 ns
From           : master:inst2|lpm_counter0:inst|lpm_counter:lpm_counter_component|cntr_r3i:auto_generated|safe_q[0]
To             : data[5]
From Clock     : REQS[3]
To Clock       : --
Failed Paths   : 0

Type           : Clock Setup: 'clk'
Slack          : N/A
Required Time  : None
Actual Time    : 169.89 MHz ( period = 5.886 ns )
From           : master:inst3|lpm_counter0:inst|lpm_counter:lpm_counter_component|cntr_r3i:auto_generated|safe_q[1]
To             : slave:inst15|lpm_dff1:inst2|lpm_ff:lpm_ff_component|dffs[2]
From Clock     : clk
To Clock       : clk
Failed Paths   : 0

Type           : Clock Setup: 'REQS[3]'
Slack          : N/A
Required Time  : None
Actual Time    : 284.17 MHz ( period = 3.519 ns )
From           : master:inst2|lpm_counter0:inst|lpm_counter:lpm_counter_component|cntr_r3i:auto_generated|safe_q[0]
To             : master:inst2|lpm_counter0:inst|lpm_counter:lpm_counter_component|cntr_r3i:auto_generated|safe_q[2]
From Clock     : REQS[3]
To Clock       : REQS[3]
Failed Paths   : 0

Type           : Clock Setup: 'REQS[4]'
Slack          : N/A
Required Time  : None
Actual Time    : 293.94 MHz ( period = 3.402 ns )
From           : master:inst2|lpm_counter0:inst|lpm_counter:lpm_counter_component|cntr_r3i:auto_generated|safe_q[0]
To             : master:inst2|lpm_counter0:inst|lpm_counter:lpm_counter_component|cntr_r3i:auto_generated|safe_q[2]
From Clock     : REQS[4]
To Clock       : REQS[4]
Failed Paths   : 0

Type           : Clock Setup: 'REQS[2]'
Slack          : N/A
Required Time  : None
Actual Time    : 327.55 MHz ( period = 3.053 ns )
From           : master:inst2|lpm_counter0:inst|lpm_counter:lpm_counter_component|cntr_r3i:auto_generated|safe_q[0]
To             : master:inst2|lpm_counter0:inst|lpm_counter:lpm_counter_component|cntr_r3i:auto_generated|safe_q[2]
From Clock     : REQS[2]
To Clock       : REQS[2]
Failed Paths   : 0

Type           : Clock Setup: 'REQS[1]'
Slack          : N/A
Required Time  : None
Actual Time    : 380.52 MHz ( period = 2.628 ns )
From           : master:inst2|lpm_counter0:inst|lpm_counter:lpm_counter_component|cntr_r3i:auto_generated|safe_q[0]
To             : master:inst2|lpm_counter0:inst|lpm_counter:lpm_counter_component|cntr_r3i:auto_generated|safe_q[2]
From Clock     : REQS[1]
To Clock       : REQS[1]
Failed Paths   : 0

Type           : Clock Setup: 'REQS[0]'
Slack          : N/A
Required Time  : None
Actual Time    : Restricted to 500.00 MHz ( period = 2.000 ns )
From           : master:inst2|lpm_counter0:inst|lpm_counter:lpm_counter_component|cntr_r3i:auto_generated|safe_q[0]
To             : master:inst2|lpm_counter0:inst|lpm_counter:lpm_counter_component|cntr_r3i:auto_generated|safe_q[2]
From Clock     : REQS[0]
To Clock       : REQS[0]
Failed Paths   : 0

Type           : Clock Hold: 'REQS[3]'
Slack          : Not operational: Clock Skew > Data Delay
Required Time  : None
Actual Time    : N/A
From           : master:inst2|lpm_dff0:inst8|lpm_ff:lpm_ff_component|dffs[0]
To             : master:inst2|lpm_dff0:inst8|lpm_ff:lpm_ff_component|dffs[0]
From Clock     : REQS[3]
To Clock       : REQS[3]
Failed Paths   : 7

Type           : Clock Hold: 'REQS[4]'
Slack          : Not operational: Clock Skew > Data Delay
Required Time  : None
Actual Time    : N/A
From           : master:inst2|lpm_dff0:inst8|lpm_ff:lpm_ff_component|dffs[0]
To             : master:inst2|lpm_dff0:inst8|lpm_ff:lpm_ff_component|dffs[0]
From Clock     : REQS[4]
To Clock       : REQS[4]
Failed Paths   : 7

Type           : Clock Hold: 'REQS[2]'
Slack          : Not operational: Clock Skew > Data Delay
Required Time  : None
Actual Time    : N/A
From           : master:inst2|lpm_dff0:inst8|lpm_ff:lpm_ff_component|dffs[0]
To             : master:inst2|lpm_dff0:inst8|lpm_ff:lpm_ff_component|dffs[0]
From Clock     : REQS[2]
To Clock       : REQS[2]
Failed Paths   : 7

Type           : Clock Hold: 'REQS[1]'
Slack          : Not operational: Clock Skew > Data Delay
Required Time  : None
Actual Time    : N/A
From           : master:inst2|lpm_dff0:inst8|lpm_ff:lpm_ff_component|dffs[0]
To             : master:inst2|lpm_dff0:inst8|lpm_ff:lpm_ff_component|dffs[0]
From Clock     : REQS[1]
To Clock       : REQS[1]
Failed Paths   : 7

Type           : Total number of failed paths
Slack          : 
Required Time  : 
Actual Time    : 
From           : 
To             : 
From Clock     : 
To Clock       : 
Failed Paths   : 28

--------------------------------------------------------------------------------------

